Archive member included because of file (symbol)

D:\MyWork\ASTQ2\Lib_CMSISv1p30_LPC17xx\Debug\libCMSISv1p30_LPC17xx.a(system_LPC17xx.o)
                              ./src/main.o (SystemCoreClock)
D:\MyWork\ASTQ2\Lib_EaBaseBoard\Debug\libLib_EaBaseBoard.a(acc.o)
                              ./src/main.o (acc_read)
D:\MyWork\ASTQ2\Lib_EaBaseBoard\Debug\libLib_EaBaseBoard.a(led7seg.o)
                              ./src/main.o (led7seg_init)
D:\MyWork\ASTQ2\Lib_EaBaseBoard\Debug\libLib_EaBaseBoard.a(light.o)
                              ./src/main.o (light_init)
D:\MyWork\ASTQ2\Lib_EaBaseBoard\Debug\libLib_EaBaseBoard.a(oled.o)
                              ./src/main.o (oled_putPixel)
D:\MyWork\ASTQ2\Lib_EaBaseBoard\Debug\libLib_EaBaseBoard.a(pca9532.o)
                              ./src/main.o (pca9532_init)
D:\MyWork\ASTQ2\Lib_EaBaseBoard\Debug\libLib_EaBaseBoard.a(rgb.o)
                              ./src/main.o (rgb_setLeds)
D:\MyWork\ASTQ2\Lib_EaBaseBoard\Debug\libLib_EaBaseBoard.a(temp.o)
                              ./src/main.o (temp_init)
D:\MyWork\ASTQ2\Lib_EaBaseBoard\Debug\libLib_EaBaseBoard.a(font5x7.o)
                              D:\MyWork\ASTQ2\Lib_EaBaseBoard\Debug\libLib_EaBaseBoard.a(oled.o) (font5x7)
D:\MyWork\ASTQ2\Lib_MCU\Debug\libLib_MCU.a(lpc17xx_gpio.o)
                              ./src/main.o (GPIO_SetDir)
D:\MyWork\ASTQ2\Lib_MCU\Debug\libLib_MCU.a(lpc17xx_i2c.o)
                              ./src/main.o (I2C_Init)
D:\MyWork\ASTQ2\Lib_MCU\Debug\libLib_MCU.a(lpc17xx_pinsel.o)
                              ./src/main.o (PINSEL_ConfigPin)
D:\MyWork\ASTQ2\Lib_MCU\Debug\libLib_MCU.a(lpc17xx_ssp.o)
                              ./src/main.o (SSP_Init)
D:\MyWork\ASTQ2\Lib_MCU\Debug\libLib_MCU.a(lpc17xx_uart.o)
                              ./src/main.o (UART_TxCmd)
D:\MyWork\ASTQ2\Lib_MCU\Debug\libLib_MCU.a(lpc17xx_clkpwr.o)
                              D:\MyWork\ASTQ2\Lib_MCU\Debug\libLib_MCU.a(lpc17xx_i2c.o) (CLKPWR_SetPCLKDiv)
c:/labsoft/ee2024/lpcxpresso_6.1.4_194/lpcxpresso/tools/bin/../lib/gcc/arm-none-eabi/4.6.2/armv7-m\libgcc.a(_arm_addsubdf3.o)
                              ./src/main.o (__aeabi_ui2d)
c:/labsoft/ee2024/lpcxpresso_6.1.4_194/lpcxpresso/tools/bin/../lib/gcc/arm-none-eabi/4.6.2/armv7-m\libgcc.a(_arm_muldivdf3.o)
                              ./src/main.o (__aeabi_ddiv)
c:/labsoft/ee2024/lpcxpresso_6.1.4_194/lpcxpresso/tools/bin/../lib/gcc/arm-none-eabi/4.6.2/armv7-m\libgcc.a(_aeabi_uldivmod.o)
                              D:\MyWork\ASTQ2\Lib_CMSISv1p30_LPC17xx\Debug\libCMSISv1p30_LPC17xx.a(system_LPC17xx.o) (__aeabi_uldivmod)
c:/labsoft/ee2024/lpcxpresso_6.1.4_194/lpcxpresso/tools/bin/../lib/gcc/arm-none-eabi/4.6.2/armv7-m\libgcc.a(bpabi.o)
                              c:/labsoft/ee2024/lpcxpresso_6.1.4_194/lpcxpresso/tools/bin/../lib/gcc/arm-none-eabi/4.6.2/armv7-m\libgcc.a(_aeabi_uldivmod.o) (__gnu_uldivmod_helper)
c:/labsoft/ee2024/lpcxpresso_6.1.4_194/lpcxpresso/tools/bin/../lib/gcc/arm-none-eabi/4.6.2/armv7-m\libgcc.a(_dvmd_tls.o)
                              c:/labsoft/ee2024/lpcxpresso_6.1.4_194/lpcxpresso/tools/bin/../lib/gcc/arm-none-eabi/4.6.2/armv7-m\libgcc.a(_aeabi_uldivmod.o) (__aeabi_ldiv0)
c:/labsoft/ee2024/lpcxpresso_6.1.4_194/lpcxpresso/tools/bin/../lib/gcc/arm-none-eabi/4.6.2/armv7-m\libgcc.a(_divdi3.o)
                              c:/labsoft/ee2024/lpcxpresso_6.1.4_194/lpcxpresso/tools/bin/../lib/gcc/arm-none-eabi/4.6.2/armv7-m\libgcc.a(bpabi.o) (__divdi3)
c:/labsoft/ee2024/lpcxpresso_6.1.4_194/lpcxpresso/tools/bin/../lib/gcc/arm-none-eabi/4.6.2/armv7-m\libgcc.a(_udivdi3.o)
                              c:/labsoft/ee2024/lpcxpresso_6.1.4_194/lpcxpresso/tools/bin/../lib/gcc/arm-none-eabi/4.6.2/armv7-m\libgcc.a(bpabi.o) (__udivdi3)
c:/labsoft/ee2024/lpcxpresso_6.1.4_194/lpcxpresso/tools/bin/../lib/gcc/arm-none-eabi/4.6.2/../../../../arm-none-eabi/lib/armv7-m\libc.a(lib_a-memcpy.o)
                              ./src/main.o (memcpy)
c:/labsoft/ee2024/lpcxpresso_6.1.4_194/lpcxpresso/tools/bin/../lib/gcc/arm-none-eabi/4.6.2/../../../../arm-none-eabi/lib/armv7-m\libc.a(lib_a-memset.o)
                              ./src/main.o (memset)
c:/labsoft/ee2024/lpcxpresso_6.1.4_194/lpcxpresso/tools/bin/../lib/gcc/arm-none-eabi/4.6.2/../../../../arm-none-eabi/lib/armv7-m\libc.a(lib_a-printf.o)
                              ./src/main.o (printf)
c:/labsoft/ee2024/lpcxpresso_6.1.4_194/lpcxpresso/tools/bin/../lib/gcc/arm-none-eabi/4.6.2/../../../../arm-none-eabi/lib/armv7-m\libc.a(lib_a-sprintf.o)
                              ./src/main.o (sprintf)
c:/labsoft/ee2024/lpcxpresso_6.1.4_194/lpcxpresso/tools/bin/../lib/gcc/arm-none-eabi/4.6.2/../../../../arm-none-eabi/lib/armv7-m\libc.a(lib_a-strlen.o)
                              D:\MyWork\ASTQ2\Lib_MCU\Debug\libLib_MCU.a(lpc17xx_uart.o) (strlen)
c:/labsoft/ee2024/lpcxpresso_6.1.4_194/lpcxpresso/tools/bin/../lib/gcc/arm-none-eabi/4.6.2/../../../../arm-none-eabi/lib/armv7-m\libc.a(lib_a-svfprintf.o)
[...]
Memory Configuration

Name             Origin             Length             Attributes
MFlash512        0x00000000         0x00080000         xr
RamLoc32         0x10000000         0x00008000         xrw
RamAHB32         0x2007c000         0x00008000         xrw
*default*        0x00000000         0xffffffff

Linker script and memory map

LOAD ./src/cr_startup_lpc17.o
LOAD ./src/main.o
LOAD D:\MyWork\ASTQ2\Lib_CMSISv1p30_LPC17xx\Debug\libCMSISv1p30_LPC17xx.a
LOAD D:\MyWork\ASTQ2\Lib_EaBaseBoard\Debug\libLib_EaBaseBoard.a
LOAD D:\MyWork\ASTQ2\Lib_MCU\Debug\libLib_MCU.a
START GROUP
LOAD c:/labsoft/ee2024/lpcxpresso_6.1.4_194/lpcxpresso/tools/bin/../lib/gcc/arm-none-eabi/4.6.2/armv7-m\libgcc.a
LOAD c:/labsoft/ee2024/lpcxpresso_6.1.4_194/lpcxpresso/tools/bin/../lib/gcc/arm-none-eabi/4.6.2/../../../../arm-none-eabi/lib/armv7-m\libc.a
LOAD c:/labsoft/ee2024/lpcxpresso_6.1.4_194/lpcxpresso/tools/bin/../lib/gcc/arm-none-eabi/4.6.2/../../../../arm-none-eabi/lib/armv7-m\libm.a
LOAD c:/labsoft/ee2024/lpcxpresso_6.1.4_194/lpcxpresso/tools/bin/../lib/gcc/arm-none-eabi/4.6.2/../../../../arm-none-eabi/lib/armv7-m\libcr_newlib_semihost.a
END GROUP
                0x00080000                __top_MFlash512 = 0x80000
                0x10008000                __top_RamLoc32 = 0x10008000
                0x20084000                __top_RamAHB32 = 0x20084000

.text           0x00000000     0xbc60
 FILL mask 0xff
                0x00000000                __vectors_start__ = ABSOLUTE (.)
 *(.isr_vector)
 .isr_vector    0x00000000       0xcc ./src/cr_startup_lpc17.o
                0x00000000                g_pfnVectors
                0x000000cc                . = ALIGN (0x4)
                0x000000cc                __section_table_start = .
                0x000000cc                __data_section_table = .
                0x000000cc        0x4 LONG 0xbc68 LOADADDR (.data)
                0x000000d0        0x4 LONG 0x10000000 ADDR (.data)
                0x000000d4        0x4 LONG 0x8fc SIZEOF (.data)
                0x000000d8        0x4 LONG 0xbc68 LOADADDR (.data_RAM2)
                0x000000dc        0x4 LONG 0x2007c000 ADDR (.data_RAM2)
                0x000000e0        0x4 LONG 0x0 SIZEOF (.data_RAM2)
                0x000000e4                __data_section_table_end = .
                0x000000e4                __bss_section_table = .
                0x000000e4        0x4 LONG 0x100008fc ADDR (.bss)
                0x000000e8        0x4 LONG 0x3f4 SIZEOF (.bss)
                0x000000ec        0x4 LONG 0x2007c000 ADDR (.bss_RAM2)
                0x000000f0        0x4 LONG 0x0 SIZEOF (.bss_RAM2)
                0x000000f4                __bss_section_table_end = .
                0x000000f4                __section_table_end = .
 *(.after_vectors*)
 *(.text*)
 .text.ResetISR
                0x000000f4       0x68 ./src/cr_startup_lpc17.o
                0x000000f4                ResetISR
 .text.NMI_Handler
                0x0000015c        0x8 ./src/cr_startup_lpc17.o
                0x0000015c                NMI_Handler
 .text.HardFault_Handler
                0x00000164        0x8 ./src/cr_startup_lpc17.o
                0x00000164                HardFault_Handler
 .text.MemManage_Handler
                0x0000016c        0x8 ./src/cr_startup_lpc17.o
                0x0000016c                MemManage_Handler
 .text.BusFault_Handler
                0x00000174        0x8 ./src/cr_startup_lpc17.o
                0x00000174                BusFault_Handler
 .text.UsageFault_Handler
                0x0000017c        0x8 ./src/cr_startup_lpc17.o
                0x0000017c                UsageFault_Handler
 .text.SVCall_Handler
                0x00000184        0x8 ./src/cr_startup_lpc17.o
                0x00000184                SVCall_Handler
 .text.DebugMon_Handler
                0x0000018c        0x8 ./src/cr_startup_lpc17.o
                0x0000018c                DebugMon_Handler
 .text.PendSV_Handler
                0x00000194        0x8 ./src/cr_startup_lpc17.o
                0x00000194                PendSV_Handler
 .text.IntDefaultHandler
                0x0000019c        0x8 ./src/cr_startup_lpc17.o
                0x0000019c                TIMER2_IRQHandler
                0x0000019c                RIT_IRQHandler
                0x0000019c                I2C0_IRQHandler
                0x0000019c                USBActivity_IRQHandler
                0x0000019c                PWM1_IRQHandler
                0x0000019c                I2C1_IRQHandler
                0x0000019c                EINT2_IRQHandler
                0x0000019c                UART1_IRQHandler
                0x0000019c                CANActivity_IRQHandler
                0x0000019c                TIMER3_IRQHandler
                0x0000019c                UART0_IRQHandler
                0x0000019c                IntDefaultHandler
                0x0000019c                PLL0_IRQHandler
                0x0000019c                CAN_IRQHandler
                0x0000019c                PLL1_IRQHandler
                0x0000019c                SSP0_IRQHandler
                0x0000019c                I2S_IRQHandler
                0x0000019c                I2C2_IRQHandler
                0x0000019c                RTC_IRQHandler
                0x0000019c                SPI_IRQHandler
                0x0000019c                EINT1_IRQHandler
                0x0000019c                TIMER1_IRQHandler
                0x0000019c                UART2_IRQHandler
                0x0000019c                ADC_IRQHandler
                0x0000019c                SSP1_IRQHandler
                0x0000019c                USB_IRQHandler
                0x0000019c                BOD_IRQHandler
                0x0000019c                WDT_IRQHandler
                0x0000019c                QEI_IRQHandler
                0x0000019c                DMA_IRQHandler
                0x0000019c                UART3_IRQHandler
                0x0000019c                MCPWM_IRQHandler
                0x0000019c                ENET_IRQHandler
 .text.NVIC_SetPriorityGrouping
                0x000001a4       0x50 ./src/main.o
 .text.NVIC_EnableIRQ
                0x000001f4       0x38 ./src/main.o
 .text.NVIC_SetPriority
                0x0000022c       0x5c ./src/main.o
 .text.SysTick_Config
                0x00000288       0x64 ./src/main.o
 .text.moveBar  0x000002ec       0xa8 ./src/main.o
 .text.init_ssp
                0x00000394       0x98 ./src/main.o
 .text.init_i2c
                0x0000042c       0x5c ./src/main.o
 .text.init_GPIO
                0x00000488      0x130 ./src/main.o
 .text.SysTick_Handler
                0x000005b8       0x3c ./src/main.o
                0x000005b8                SysTick_Handler
 .text.getTicks
                0x000005f4       0x18 ./src/main.o
                0x000005f4                getTicks
 .text.TIMER0_IRQHandler
                0x0000060c      0x10c ./src/main.o
                0x0000060c                TIMER0_IRQHandler
 .text.letters  0x00000718       0x44 ./src/main.o
                0x00000718                letters
 .text.getPrescalarForUs
                0x0000075c       0xac ./src/main.o
                0x0000075c                getPrescalarForUs
 .text.EINT0_IRQHandler
                0x00000808       0x8c ./src/main.o
                0x00000808                EINT0_IRQHandler
 .text.EINT3_IRQHandler
                0x00000894       0x40 ./src/main.o
                0x00000894                EINT3_IRQHandler
 .text.all_init
                0x000008d4      0x1ec ./src/main.o
                0x000008d4                all_init
 .text.forwardmode
                0x00000ac0      0x1b4 ./src/main.o
                0x00000ac0                forwardmode
 .text.stationarymode
                0x00000c74      0x1b4 ./src/main.o
                0x00000c74                stationarymode
 .text.reversemodenormal
                0x00000e28      0x1b4 ./src/main.o
                0x00000e28                reversemodenormal
 .text.reversealertmode
                0x00000fdc      0x198 ./src/main.o
                0x00000fdc                reversealertmode
 .text.temperaturealert
                0x00001174      0x1bc ./src/main.o
                0x00001174                temperaturealert
 .text.changeinstate
                0x00001330       0x84 ./src/main.o
 .text.main     0x000013b4      0x56c ./src/main.o
                0x000013b4                main
 .text.check_failed
                0x00001920        0xc ./src/main.o
                0x00001920                check_failed
 .text.SystemInit
                0x0000192c      0x22c D:\MyWork\ASTQ2\Lib_CMSISv1p30_LPC17xx\Debug\libCMSISv1p30_LPC17xx.a(system_LPC17xx.o)
                0x0000192c                SystemInit
 .text.I2CRead  0x00001b58       0x5c D:\MyWork\ASTQ2\Lib_EaBaseBoard\Debug\libLib_EaBaseBoard.a(acc.o)
 .text.I2CWrite
                0x00001bb4       0x5c D:\MyWork\ASTQ2\Lib_EaBaseBoard\Debug\libLib_EaBaseBoard.a(acc.o)
 .text.getStatus
                0x00001c10       0x3c D:\MyWork\ASTQ2\Lib_EaBaseBoard\Debug\libLib_EaBaseBoard.a(acc.o)
 .text.acc_read
                0x00001c4c       0xbc D:\MyWork\ASTQ2\Lib_EaBaseBoard\Debug\libLib_EaBaseBoard.a(acc.o)
                0x00001c4c                acc_read
 .text.led7seg_init
                0x00001d08       0x24 D:\MyWork\ASTQ2\Lib_EaBaseBoard\Debug\libLib_EaBaseBoard.a(led7seg.o)
                0x00001d08                led7seg_init
 .text.led7seg_setChar
                0x00001d2c       0x88 D:\MyWork\ASTQ2\Lib_EaBaseBoard\Debug\libLib_EaBaseBoard.a(led7seg.o)
                0x00001d2c                led7seg_setChar
 .text.I2CRead  0x00001db4       0x5c D:\MyWork\ASTQ2\Lib_EaBaseBoard\Debug\libLib_EaBaseBoard.a(light.o)
 .text.I2CWrite
                0x00001e10       0x5c D:\MyWork\ASTQ2\Lib_EaBaseBoard\Debug\libLib_EaBaseBoard.a(light.o)
 .text.readControlReg
                0x00001e6c       0x3c D:\MyWork\ASTQ2\Lib_EaBaseBoard\Debug\libLib_EaBaseBoard.a(light.o)
 .text.light_init
                0x00001ea8        0xc D:\MyWork\ASTQ2\Lib_EaBaseBoard\Debug\libLib_EaBaseBoard.a(light.o)
                0x00001ea8                light_init
 .text.light_enable
                0x00001eb4       0x48 D:\MyWork\ASTQ2\Lib_EaBaseBoard\Debug\libLib_EaBaseBoard.a(light.o)
                0x00001eb4                light_enable
 .text.light_read
                0x00001efc       0x90 D:\MyWork\ASTQ2\Lib_EaBaseBoard\Debug\libLib_EaBaseBoard.a(light.o)
                0x00001efc                light_read
 .text.light_setLoThreshold
                0x00001f8c       0x58 D:\MyWork\ASTQ2\Lib_EaBaseBoard\Debug\libLib_EaBaseBoard.a(light.o)
                0x00001f8c                light_setLoThreshold
 .text.light_getIrqStatus
                0x00001fe4       0x28 D:\MyWork\ASTQ2\Lib_EaBaseBoard\Debug\libLib_EaBaseBoard.a(light.o)
                0x00001fe4                light_getIrqStatus
 .text.light_clearIrqStatus
                0x0000200c       0x3c D:\MyWork\ASTQ2\Lib_EaBaseBoard\Debug\libLib_EaBaseBoard.a(light.o)
                0x0000200c                light_clearIrqStatus
 .text.writeCommand
                0x00002048       0x60 D:\MyWork\ASTQ2\Lib_EaBaseBoard\Debug\libLib_EaBaseBoard.a(oled.o)
 .text.writeData
                0x000020a8       0x60 D:\MyWork\ASTQ2\Lib_EaBaseBoard\Debug\libLib_EaBaseBoard.a(oled.o)
 .text.writeDataLen
                0x00002108       0x8c D:\MyWork\ASTQ2\Lib_EaBaseBoard\Debug\libLib_EaBaseBoard.a(oled.o)
 .text.runInitSequence
                0x00002194      0x118 D:\MyWork\ASTQ2\Lib_EaBaseBoard\Debug\libLib_EaBaseBoard.a(oled.o)
 .text.oled_init
                0x000022ac       0x9c D:\MyWork\ASTQ2\Lib_EaBaseBoard\Debug\libLib_EaBaseBoard.a(oled.o)
                0x000022ac                oled_init
 .text.oled_putPixel
                0x00002348      0x188 D:\MyWork\ASTQ2\Lib_EaBaseBoard\Debug\libLib_EaBaseBoard.a(oled.o)
                0x00002348                oled_putPixel
 .text.oled_clearScreen
                0x000024d0       0x74 D:\MyWork\ASTQ2\Lib_EaBaseBoard\Debug\libLib_EaBaseBoard.a(oled.o)
                0x000024d0                oled_clearScreen
 .text.oled_putChar
                0x00002544       0xf0 D:\MyWork\ASTQ2\Lib_EaBaseBoard\Debug\libLib_EaBaseBoard.a(oled.o)
                0x00002544                oled_putChar
 .text.oled_putString
                0x00002634       0x54 D:\MyWork\ASTQ2\Lib_EaBaseBoard\Debug\libLib_EaBaseBoard.a(oled.o)
                0x00002634                oled_putString
 .text.I2CWrite
                0x00002688       0x5c D:\MyWork\ASTQ2\Lib_EaBaseBoard\Debug\libLib_EaBaseBoard.a(pca9532.o)
 .text.setLsStates
                0x000026e4       0xc4 D:\MyWork\ASTQ2\Lib_EaBaseBoard\Debug\libLib_EaBaseBoard.a(pca9532.o)
 .text.setLeds  0x000027a8       0xa0 D:\MyWork\ASTQ2\Lib_EaBaseBoard\Debug\libLib_EaBaseBoard.a(pca9532.o)
 .text.pca9532_init
                0x00002848        0xc D:\MyWork\ASTQ2\Lib_EaBaseBoard\Debug\libLib_EaBaseBoard.a(pca9532.o)
                0x00002848                pca9532_init
 .text.pca9532_setLeds
                0x00002854       0xa0 D:\MyWork\ASTQ2\Lib_EaBaseBoard\Debug\libLib_EaBaseBoard.a(pca9532.o)
                0x00002854                pca9532_setLeds
 .text.rgb_setLeds
                0x000028f4       0x6c D:\MyWork\ASTQ2\Lib_EaBaseBoard\Debug\libLib_EaBaseBoard.a(rgb.o)
                0x000028f4                rgb_setLeds
 .text.temp_init
                0x00002960       0x2c D:\MyWork\ASTQ2\Lib_EaBaseBoard\Debug\libLib_EaBaseBoard.a(temp.o)
                0x00002960                temp_init
 .text.temp_read
                0x0000298c      0x10c D:\MyWork\ASTQ2\Lib_EaBaseBoard\Debug\libLib_EaBaseBoard.a(temp.o)
                0x0000298c                temp_read
 .text.GPIO_GetPointer
                0x00002a98       0x7c D:\MyWork\ASTQ2\Lib_MCU\Debug\libLib_MCU.a(lpc17xx_gpio.o)
 .text.GPIO_SetDir
                0x00002b14       0x54 D:\MyWork\ASTQ2\Lib_MCU\Debug\libLib_MCU.a(lpc17xx_gpio.o)
                0x00002b14                GPIO_SetDir
 .text.GPIO_SetValue
                0x00002b68       0x2c D:\MyWork\ASTQ2\Lib_MCU\Debug\libLib_MCU.a(lpc17xx_gpio.o)
                0x00002b68                GPIO_SetValue
 .text.GPIO_ClearValue
                0x00002b94       0x2c D:\MyWork\ASTQ2\Lib_MCU\Debug\libLib_MCU.a(lpc17xx_gpio.o)
                0x00002b94                GPIO_ClearValue
 .text.GPIO_ReadValue
                0x00002bc0       0x30 D:\MyWork\ASTQ2\Lib_MCU\Debug\libLib_MCU.a(lpc17xx_gpio.o)
                0x00002bc0                GPIO_ReadValue
 .text.NVIC_EnableIRQ
                0x00002bf0       0x38 D:\MyWork\ASTQ2\Lib_MCU\Debug\libLib_MCU.a(lpc17xx_i2c.o)
 .text.NVIC_DisableIRQ
                0x00002c28       0x3c D:\MyWork\ASTQ2\Lib_MCU\Debug\libLib_MCU.a(lpc17xx_i2c.o)
 .text.I2C_getNum
                0x00002c64       0x54 D:\MyWork\ASTQ2\Lib_MCU\Debug\libLib_MCU.a(lpc17xx_i2c.o)
 .text.I2C_Start
                0x00002cb8       0x44 D:\MyWork\ASTQ2\Lib_MCU\Debug\libLib_MCU.a(lpc17xx_i2c.o)
 .text.I2C_Stop
                0x00002cfc       0x38 D:\MyWork\ASTQ2\Lib_MCU\Debug\libLib_MCU.a(lpc17xx_i2c.o)
 .text.I2C_SendByte
                0x00002d34       0x50 D:\MyWork\ASTQ2\Lib_MCU\Debug\libLib_MCU.a(lpc17xx_i2c.o)
 .text.I2C_GetByte
                0x00002d84       0x5c D:\MyWork\ASTQ2\Lib_MCU\Debug\libLib_MCU.a(lpc17xx_i2c.o)
 .text.I2C_IntCmd
                0x00002de0       0xa8 D:\MyWork\ASTQ2\Lib_MCU\Debug\libLib_MCU.a(lpc17xx_i2c.o)
                0x00002de0                I2C_IntCmd
 .text.I2C_MasterHandler
                0x00002e88      0x408 D:\MyWork\ASTQ2\Lib_MCU\Debug\libLib_MCU.a(lpc17xx_i2c.o)
                0x00002e88                I2C_MasterHandler
 .text.I2C_SetClock
                0x00003290       0xc8 D:\MyWork\ASTQ2\Lib_MCU\Debug\libLib_MCU.a(lpc17xx_i2c.o)
                0x00003290                I2C_SetClock
 .text.I2C_Init
                0x00003358       0xd8 D:\MyWork\ASTQ2\Lib_MCU\Debug\libLib_MCU.a(lpc17xx_i2c.o)
                0x00003358                I2C_Init
 .text.I2C_Cmd  0x00003430       0x84 D:\MyWork\ASTQ2\Lib_MCU\Debug\libLib_MCU.a(lpc17xx_i2c.o)
                0x00003430                I2C_Cmd
 .text.I2C_MasterTransferData
                0x000034b4      0x390 D:\MyWork\ASTQ2\Lib_MCU\Debug\libLib_MCU.a(lpc17xx_i2c.o)
                0x000034b4                I2C_MasterTransferData
 .text.PINSEL_SetPinFunc
                0x00003844       0x9c D:\MyWork\ASTQ2\Lib_MCU\Debug\libLib_MCU.a(lpc17xx_pinsel.o)
                0x00003844                PINSEL_SetPinFunc
 .text.PINSEL_SetResistorMode
                0x000038e0       0x9c D:\MyWork\ASTQ2\Lib_MCU\Debug\libLib_MCU.a(lpc17xx_pinsel.o)
                0x000038e0                PINSEL_SetResistorMode
 .text.PINSEL_SetOpenDrainMode
                0x0000397c       0x7c D:\MyWork\ASTQ2\Lib_MCU\Debug\libLib_MCU.a(lpc17xx_pinsel.o)
                0x0000397c                PINSEL_SetOpenDrainMode
 .text.PINSEL_ConfigPin
                0x000039f8       0x54 D:\MyWork\ASTQ2\Lib_MCU\Debug\libLib_MCU.a(lpc17xx_pinsel.o)
                0x000039f8                PINSEL_ConfigPin
 .text.SSP_getNum
                0x00003a4c       0x40 D:\MyWork\ASTQ2\Lib_MCU\Debug\libLib_MCU.a(lpc17xx_ssp.o)
 .text.SSP_IntHandler
                0x00003a8c      0x338 D:\MyWork\ASTQ2\Lib_MCU\Debug\libLib_MCU.a(lpc17xx_ssp.o)
                0x00003a8c                SSP_IntHandler
 .text.SSP_SetClock
                0x00003dc4       0xf8 D:\MyWork\ASTQ2\Lib_MCU\Debug\libLib_MCU.a(lpc17xx_ssp.o)
                0x00003dc4                SSP_SetClock
 .text.SSP_Init
                0x00003ebc      0x10c D:\MyWork\ASTQ2\Lib_MCU\Debug\libLib_MCU.a(lpc17xx_ssp.o)
                0x00003ebc                SSP_Init
 .text.SSP_ConfigStructInit
                0x00003fc8       0x48 D:\MyWork\ASTQ2\Lib_MCU\Debug\libLib_MCU.a(lpc17xx_ssp.o)
                0x00003fc8                SSP_ConfigStructInit
 .text.SSP_Cmd  0x00004010       0x7c D:\MyWork\ASTQ2\Lib_MCU\Debug\libLib_MCU.a(lpc17xx_ssp.o)
                0x00004010                SSP_Cmd
 .text.SSP_SendData
                0x0000408c       0x48 D:\MyWork\ASTQ2\Lib_MCU\Debug\libLib_MCU.a(lpc17xx_ssp.o)
                0x0000408c                SSP_SendData
 .text.SSP_ReceiveData
                0x000040d4       0x44 D:\MyWork\ASTQ2\Lib_MCU\Debug\libLib_MCU.a(lpc17xx_ssp.o)
                0x000040d4                SSP_ReceiveData
 .text.SSP_ReadWrite
                0x00004118      0x440 D:\MyWork\ASTQ2\Lib_MCU\Debug\libLib_MCU.a(lpc17xx_ssp.o)
                0x00004118                SSP_ReadWrite
 .text.CLKPWR_SetPCLKDiv
                0x00004558       0xcc D:\MyWork\ASTQ2\Lib_MCU\Debug\libLib_MCU.a(lpc17xx_clkpwr.o)
                0x00004558                CLKPWR_SetPCLKDiv
 .text.CLKPWR_GetPCLKSEL
                0x00004624       0x54 D:\MyWork\ASTQ2\Lib_MCU\Debug\libLib_MCU.a(lpc17xx_clkpwr.o)
                0x00004624                CLKPWR_GetPCLKSEL
 .text.CLKPWR_GetPCLK
                0x00004678       0x74 D:\MyWork\ASTQ2\Lib_MCU\Debug\libLib_MCU.a(lpc17xx_clkpwr.o)
                0x00004678                CLKPWR_GetPCLK
 .text.CLKPWR_ConfigPPWR
                0x000046ec       0x78 D:\MyWork\ASTQ2\Lib_MCU\Debug\libLib_MCU.a(lpc17xx_clkpwr.o)
                0x000046ec                CLKPWR_ConfigPPWR
 .text          0x00004764      0x370 c:/labsoft/ee2024/lpcxpresso_6.1.4_194/lpcxpresso/tools/bin/../lib/gcc/arm-none-eabi/4.6.2/armv7-m\libgcc.a(_arm_addsubdf3.o)
                0x00004764                __aeabi_drsub
                0x0000476c                __aeabi_dsub
                0x0000476c                __subdf3
                0x00004770                __aeabi_dadd
                0x00004770                __adddf3
                0x000049e8                __floatunsidf
                0x000049e8                __aeabi_ui2d
                0x00004a08                __floatsidf
                0x00004a08                __aeabi_i2d
                0x00004a2c                __aeabi_f2d
                0x00004a2c                __extendsfdf2
                0x00004a68                __floatundidf
                0x00004a68                __aeabi_ul2d
                0x00004a78                __floatdidf
                0x00004a78                __aeabi_l2d
 .text          0x00004ad4      0x424 c:/labsoft/ee2024/lpcxpresso_6.1.4_194/lpcxpresso/tools/bin/../lib/gcc/arm-none-eabi/4.6.2/armv7-m\libgcc.a(_arm_muldivdf3.o)
                0x00004ad4                __aeabi_dmul
                0x00004ad4                __muldf3
                0x00004d28                __divdf3
                0x00004d28                __aeabi_ddiv
 .text          0x00004ef8       0x2c c:/labsoft/ee2024/lpcxpresso_6.1.4_194/lpcxpresso/tools/bin/../lib/gcc/arm-none-eabi/4.6.2/armv7-m\libgcc.a(_aeabi_uldivmod.o)
                0x00004ef8                __aeabi_uldivmod
 .text          0x00004f24       0x5c c:/labsoft/ee2024/lpcxpresso_6.1.4_194/lpcxpresso/tools/bin/../lib/gcc/arm-none-eabi/4.6.2/armv7-m\libgcc.a(bpabi.o)
                0x00004f24                __gnu_ldivmod_helper
                0x00004f54                __gnu_uldivmod_helper
 .text          0x00004f80        0x4 c:/labsoft/ee2024/lpcxpresso_6.1.4_194/lpcxpresso/tools/bin/../lib/gcc/arm-none-eabi/4.6.2/armv7-m\libgcc.a(_dvmd_tls.o)
                0x00004f80                __aeabi_idiv0
                0x00004f80                __aeabi_ldiv0
 .text          0x00004f84      0x2c8 c:/labsoft/ee2024/lpcxpresso_6.1.4_194/lpcxpresso/tools/bin/../lib/gcc/arm-none-eabi/4.6.2/armv7-m\libgcc.a(_divdi3.o)
                0x00004f84                __divdi3
 .text          0x0000524c      0x298 c:/labsoft/ee2024/lpcxpresso_6.1.4_194/lpcxpresso/tools/bin/../lib/gcc/arm-none-eabi/4.6.2/armv7-m\libgcc.a(_udivdi3.o)
                0x0000524c                __udivdi3
 .text.memcpy   0x000054e4       0x84 c:/labsoft/ee2024/lpcxpresso_6.1.4_194/lpcxpresso/tools/bin/../lib/gcc/arm-none-eabi/4.6.2/../../../../arm-none-eabi/lib/armv7-m\libc.a(lib_a-memcpy.o)
                0x000054e4                memcpy
 .text.memset   0x00005568       0x90 c:/labsoft/ee2024/lpcxpresso_6.1.4_194/lpcxpresso/tools/bin/../lib/gcc/arm-none-eabi/4.6.2/../../../../arm-none-eabi/lib/armv7-m\libc.a(lib_a-memset.o)
                0x00005568                memset
 .text.printf   0x000055f8       0x2c c:/labsoft/ee2024/lpcxpresso_6.1.4_194/lpcxpresso/tools/bin/../lib/gcc/arm-none-eabi/4.6.2/../../../../arm-none-eabi/lib/armv7-m\libc.a(lib_a-printf.o)
                0x000055f8                printf
 .text.sprintf  0x00005624       0x50 c:/labsoft/ee2024/lpcxpresso_6.1.4_194/lpcxpresso/tools/bin/../lib/gcc/arm-none-eabi/4.6.2/../../../../arm-none-eabi/lib/armv7-m\libc.a(lib_a-sprintf.o)
                0x00005624                sprintf
 .text.strlen   0x00005674       0x60 c:/labsoft/ee2024/lpcxpresso_6.1.4_194/lpcxpresso/tools/bin/../lib/gcc/arm-none-eabi/4.6.2/../../../../arm-none-eabi/lib/armv7-m\libc.a(lib_a-strlen.o)
                0x00005674                strlen
 .text._svfprintf_r
                0x000056d4     0x1408 c:/labsoft/ee2024/lpcxpresso_6.1.4_194/lpcxpresso/tools/bin/../lib/gcc/arm-none-eabi/4.6.2/../../../../arm-none-eabi/lib/armv7-m\libc.a(lib_a-svfprintf.o)
                0x000056d4                _svfprintf_r
 .text._vfprintf_r
                0x00006adc     0x171c c:/labsoft/ee2024/lpcxpresso_6.1.4_194/lpcxpresso/tools/bin/../lib/gcc/arm-none-eabi/4.6.2/../../../../arm-none-eabi/lib/armv7-m\libc.a(lib_a-vfprintf.o)
                0x00006adc                _vfprintf_r
 .text.__swsetup_r
                0x000081f8       0xb8 c:/labsoft/ee2024/lpcxpresso_6.1.4_194/lpcxpresso/tools/bin/../lib/gcc/arm-none-eabi/4.6.2/../../../../arm-none-eabi/lib/armv7-m\libc.a(lib_a-wsetup.o)
                0x000081f8                __swsetup_r
 .text.quorem   0x000082b0      0x150 c:/labsoft/ee2024/lpcxpresso_6.1.4_194/lpcxpresso/tools/bin/../lib/gcc/arm-none-eabi/4.6.2/../../../../arm-none-eabi/lib/armv7-m\libc.a(lib_a-dtoa.o)
 .text._dtoa_r  0x00008400      0xe60 c:/labsoft/ee2024/lpcxpresso_6.1.4_194/lpcxpresso/tools/bin/../lib/gcc/arm-none-eabi/4.6.2/../../../../arm-none-eabi/lib/armv7-m\libc.a(lib_a-dtoa.o)
                0x00008400                _dtoa_r
 .text._fflush_r
                0x00009260      0x16c c:/labsoft/ee2024/lpcxpresso_6.1.4_194/lpcxpresso/tools/bin/../lib/gcc/arm-none-eabi/4.6.2/../../../../arm-none-eabi/lib/armv7-m\libc.a(lib_a-fflush.o)
                0x00009260                _fflush_r
 .text._cleanup_r
                0x000093cc        0xc c:/labsoft/ee2024/lpcxpresso_6.1.4_194/lpcxpresso/tools/bin/../lib/gcc/arm-none-eabi/4.6.2/../../../../arm-none-eabi/lib/armv7-m\libc.a(lib_a-findfp.o)
                0x000093cc                _cleanup_r
 .text.std.isra.0
                0x000093d8       0x50 c:/labsoft/ee2024/lpcxpresso_6.1.4_194/lpcxpresso/tools/bin/../lib/gcc/arm-none-eabi/4.6.2/../../../../arm-none-eabi/lib/armv7-m\libc.a(lib_a-findfp.o)
 .text.__sinit  0x00009428       0x4c c:/labsoft/ee2024/lpcxpresso_6.1.4_194/lpcxpresso/tools/bin/../lib/gcc/arm-none-eabi/4.6.2/../../../../arm-none-eabi/lib/armv7-m\libc.a(lib_a-findfp.o)
                0x00009428                __sinit
 .text.__sfp_lock_acquire
                0x00009474        0x4 c:/labsoft/ee2024/lpcxpresso_6.1.4_194/lpcxpresso/tools/bin/../lib/gcc/arm-none-eabi/4.6.2/../../../../arm-none-eabi/lib/armv7-m\libc.a(lib_a-findfp.o)
                0x00009474                __sfp_lock_acquire
 .text.__sfp_lock_release
                0x00009478        0x4 c:/labsoft/ee2024/lpcxpresso_6.1.4_194/lpcxpresso/tools/bin/../lib/gcc/arm-none-eabi/4.6.2/../../../../arm-none-eabi/lib/armv7-m\libc.a(lib_a-findfp.o)
                0x00009478                __sfp_lock_release
 .text._malloc_trim_r
                0x0000947c       0xa0 c:/labsoft/ee2024/lpcxpresso_6.1.4_194/lpcxpresso/tools/bin/../lib/gcc/arm-none-eabi/4.6.2/../../../../arm-none-eabi/lib/armv7-m\libc.a(lib_a-freer.o)
                0x0000947c                _malloc_trim_r
 .text._free_r  0x0000951c      0x190 c:/labsoft/ee2024/lpcxpresso_6.1.4_194/lpcxpresso/tools/bin/../lib/gcc/arm-none-eabi/4.6.2/../../../../arm-none-eabi/lib/armv7-m\libc.a(lib_a-freer.o)
                0x0000951c                _free_r
 .text._fwalk   0x000096ac       0x54 c:/labsoft/ee2024/lpcxpresso_6.1.4_194/lpcxpresso/tools/bin/../lib/gcc/arm-none-eabi/4.6.2/../../../../arm-none-eabi/lib/armv7-m\libc.a(lib_a-fwalk.o)
                0x000096ac                _fwalk
 .text.__locale_charset
                0x00009700        0xc c:/labsoft/ee2024/lpcxpresso_6.1.4_194/lpcxpresso/tools/bin/../lib/gcc/arm-none-eabi/4.6.2/../../../../arm-none-eabi/lib/armv7-m\libc.a(lib_a-locale.o)
                0x00009700                __locale_charset
 .text.__locale_mb_cur_max
                0x0000970c        0xc c:/labsoft/ee2024/lpcxpresso_6.1.4_194/lpcxpresso/tools/bin/../lib/gcc/arm-none-eabi/4.6.2/../../../../arm-none-eabi/lib/armv7-m\libc.a(lib_a-locale.o)
                0x0000970c                __locale_mb_cur_max
 .text._localeconv_r
                0x00009718        0xc c:/labsoft/ee2024/lpcxpresso_6.1.4_194/lpcxpresso/tools/bin/../lib/gcc/arm-none-eabi/4.6.2/../../../../arm-none-eabi/lib/armv7-m\libc.a(lib_a-locale.o)
                0x00009718                _localeconv_r
 .text.__smakebuf_r
                0x00009724       0xe0 c:/labsoft/ee2024/lpcxpresso_6.1.4_194/lpcxpresso/tools/bin/../lib/gcc/arm-none-eabi/4.6.2/../../../../arm-none-eabi/lib/armv7-m\libc.a(lib_a-makebuf.o)
                0x00009724                __smakebuf_r
 .text._malloc_r
                0x00009804      0x528 c:/labsoft/ee2024/lpcxpresso_6.1.4_194/lpcxpresso/tools/bin/../lib/gcc/arm-none-eabi/4.6.2/../../../../arm-none-eabi/lib/armv7-m\libc.a(lib_a-mallocr.o)
                0x00009804                _malloc_r
 .text.memchr   0x00009d2c       0x84 c:/labsoft/ee2024/lpcxpresso_6.1.4_194/lpcxpresso/tools/bin/../lib/gcc/arm-none-eabi/4.6.2/../../../../arm-none-eabi/lib/armv7-m\libc.a(lib_a-memchr.o)
                0x00009d2c                memchr
 .text.__malloc_lock
                0x00009db0        0x4 c:/labsoft/ee2024/lpcxpresso_6.1.4_194/lpcxpresso/tools/bin/../lib/gcc/arm-none-eabi/4.6.2/../../../../arm-none-eabi/lib/armv7-m\libc.a(lib_a-mlock.o)
                0x00009db0                __malloc_lock
 .text.__malloc_unlock
                0x00009db4        0x4 c:/labsoft/ee2024/lpcxpresso_6.1.4_194/lpcxpresso/tools/bin/../lib/gcc/arm-none-eabi/4.6.2/../../../../arm-none-eabi/lib/armv7-m\libc.a(lib_a-mlock.o)
                0x00009db4                __malloc_unlock
 .text._Balloc  0x00009db8       0x4c c:/labsoft/ee2024/lpcxpresso_6.1.4_194/lpcxpresso/tools/bin/../lib/gcc/arm-none-eabi/4.6.2/../../../../arm-none-eabi/lib/armv7-m\libc.a(lib_a-mprec.o)
                0x00009db8                _Balloc
 .text._Bfree   0x00009e04       0x14 c:/labsoft/ee2024/lpcxpresso_6.1.4_194/lpcxpresso/tools/bin/../lib/gcc/arm-none-eabi/4.6.2/../../../../arm-none-eabi/lib/armv7-m\libc.a(lib_a-mprec.o)
                0x00009e04                _Bfree
 .text.__multadd
                0x00009e18       0x84 c:/labsoft/ee2024/lpcxpresso_6.1.4_194/lpcxpresso/tools/bin/../lib/gcc/arm-none-eabi/4.6.2/../../../../arm-none-eabi/lib/armv7-m\libc.a(lib_a-mprec.o)
                0x00009e18                __multadd
 .text.__hi0bits
                0x00009e9c       0x3c c:/labsoft/ee2024/lpcxpresso_6.1.4_194/lpcxpresso/tools/bin/../lib/gcc/arm-none-eabi/4.6.2/../../../../arm-none-eabi/lib/armv7-m\libc.a(lib_a-mprec.o)
                0x00009e9c                __hi0bits
 .text.__lo0bits
                0x00009ed8       0x5c c:/labsoft/ee2024/lpcxpresso_6.1.4_194/lpcxpresso/tools/bin/../lib/gcc/arm-none-eabi/4.6.2/../../../../arm-none-eabi/lib/armv7-m\libc.a(lib_a-mprec.o)
                0x00009ed8                __lo0bits
 .text.__i2b    0x00009f34       0x14 c:/labsoft/ee2024/lpcxpresso_6.1.4_194/lpcxpresso/tools/bin/../lib/gcc/arm-none-eabi/4.6.2/../../../../arm-none-eabi/lib/armv7-m\libc.a(lib_a-mprec.o)
                0x00009f34                __i2b
 .text.__multiply
                0x00009f48      0x144 c:/labsoft/ee2024/lpcxpresso_6.1.4_194/lpcxpresso/tools/bin/../lib/gcc/arm-none-eabi/4.6.2/../../../../arm-none-eabi/lib/armv7-m\libc.a(lib_a-mprec.o)
                0x00009f48                __multiply
 .text.__pow5mult
                0x0000a08c       0x98 c:/labsoft/ee2024/lpcxpresso_6.1.4_194/lpcxpresso/tools/bin/../lib/gcc/arm-none-eabi/4.6.2/../../../../arm-none-eabi/lib/armv7-m\libc.a(lib_a-mprec.o)
                0x0000a08c                __pow5mult
 .text.__lshift
                0x0000a124       0xc0 c:/labsoft/ee2024/lpcxpresso_6.1.4_194/lpcxpresso/tools/bin/../lib/gcc/arm-none-eabi/4.6.2/../../../../arm-none-eabi/lib/armv7-m\libc.a(lib_a-mprec.o)
                0x0000a124                __lshift
 .text.__mcmp   0x0000a1e4       0x3c c:/labsoft/ee2024/lpcxpresso_6.1.4_194/lpcxpresso/tools/bin/../lib/gcc/arm-none-eabi/4.6.2/../../../../arm-none-eabi/lib/armv7-m\libc.a(lib_a-mprec.o)
                0x0000a1e4                __mcmp
 .text.__mdiff  0x0000a220       0xd8 c:/labsoft/ee2024/lpcxpresso_6.1.4_194/lpcxpresso/tools/bin/../lib/gcc/arm-none-eabi/4.6.2/../../../../arm-none-eabi/lib/armv7-m\libc.a(lib_a-mprec.o)
                0x0000a220                __mdiff
 .text.__d2b    0x0000a2f8       0xcc c:/labsoft/ee2024/lpcxpresso_6.1.4_194/lpcxpresso/tools/bin/../lib/gcc/arm-none-eabi/4.6.2/../../../../arm-none-eabi/lib/armv7-m\libc.a(lib_a-mprec.o)
                0x0000a2f8                __d2b
 .text.__fpclassifyd
                0x0000a3c4       0x68 c:/labsoft/ee2024/lpcxpresso_6.1.4_194/lpcxpresso/tools/bin/../lib/gcc/arm-none-eabi/4.6.2/../../../../arm-none-eabi/lib/armv7-m\libc.a(lib_a-s_fpclassify.o)
                0x0000a3c4                __fpclassifyd
 .text._sbrk_r  0x0000a42c       0x24 c:/labsoft/ee2024/lpcxpresso_6.1.4_194/lpcxpresso/tools/bin/../lib/gcc/arm-none-eabi/4.6.2/../../../../arm-none-eabi/lib/armv7-m\libc.a(lib_a-sbrkr.o)
                0x0000a42c                _sbrk_r
 .text.__sread  0x0000a450       0x24 c:/labsoft/ee2024/lpcxpresso_6.1.4_194/lpcxpresso/tools/bin/../lib/gcc/arm-none-eabi/4.6.2/../../../../arm-none-eabi/lib/armv7-m\libc.a(lib_a-stdio.o)
                0x0000a450                __sread
 .text.__swrite
                0x0000a474       0x40 c:/labsoft/ee2024/lpcxpresso_6.1.4_194/lpcxpresso/tools/bin/../lib/gcc/arm-none-eabi/4.6.2/../../../../arm-none-eabi/lib/armv7-m\libc.a(lib_a-stdio.o)
                0x0000a474                __swrite
 .text.__sseek  0x0000a4b4       0x24 c:/labsoft/ee2024/lpcxpresso_6.1.4_194/lpcxpresso/tools/bin/../lib/gcc/arm-none-eabi/4.6.2/../../../../arm-none-eabi/lib/armv7-m\libc.a(lib_a-stdio.o)
                0x0000a4b4                __sseek
 .text.__sclose
                0x0000a4d8        0x8 c:/labsoft/ee2024/lpcxpresso_6.1.4_194/lpcxpresso/tools/bin/../lib/gcc/arm-none-eabi/4.6.2/../../../../arm-none-eabi/lib/armv7-m\libc.a(lib_a-stdio.o)
                0x0000a4d8                __sclose
 .text.__ssprint_r
                0x0000a4e0       0xf8 c:/labsoft/ee2024/lpcxpresso_6.1.4_194/lpcxpresso/tools/bin/../lib/gcc/arm-none-eabi/4.6.2/../../../../arm-none-eabi/lib/armv7-m\libc.a(lib_a-svfiprintf.o)
                0x0000a4e0                __ssprint_r
 .text.__sprint_r
                0x0000a5d8       0x80 c:/labsoft/ee2024/lpcxpresso_6.1.4_194/lpcxpresso/tools/bin/../lib/gcc/arm-none-eabi/4.6.2/../../../../arm-none-eabi/lib/armv7-m\libc.a(lib_a-vfiprintf.o)
                0x0000a5d8                __sprint_r
 .text._write_r
                0x0000a658       0x28 c:/labsoft/ee2024/lpcxpresso_6.1.4_194/lpcxpresso/tools/bin/../lib/gcc/arm-none-eabi/4.6.2/../../../../arm-none-eabi/lib/armv7-m\libc.a(lib_a-writer.o)
                0x0000a658                _write_r
 .text._calloc_r
                0x0000a680       0x60 c:/labsoft/ee2024/lpcxpresso_6.1.4_194/lpcxpresso/tools/bin/../lib/gcc/arm-none-eabi/4.6.2/../../../../arm-none-eabi/lib/armv7-m\libc.a(lib_a-callocr.o)
                0x0000a680                _calloc_r
 .text._close_r
                0x0000a6e0       0x24 c:/labsoft/ee2024/lpcxpresso_6.1.4_194/lpcxpresso/tools/bin/../lib/gcc/arm-none-eabi/4.6.2/../../../../arm-none-eabi/lib/armv7-m\libc.a(lib_a-closer.o)
                0x0000a6e0                _close_r
 .text._fclose_r
                0x0000a704       0x90 c:/labsoft/ee2024/lpcxpresso_6.1.4_194/lpcxpresso/tools/bin/../lib/gcc/arm-none-eabi/4.6.2/../../../../arm-none-eabi/lib/armv7-m\libc.a(lib_a-fclose.o)
                0x0000a704                _fclose_r
 .text.fclose   0x0000a794       0x14 c:/labsoft/ee2024/lpcxpresso_6.1.4_194/lpcxpresso/tools/bin/../lib/gcc/arm-none-eabi/4.6.2/../../../../arm-none-eabi/lib/armv7-m\libc.a(lib_a-fclose.o)
                0x0000a794                fclose
 .text._fputwc_r
                0x0000a7a8       0xd0 c:/labsoft/ee2024/lpcxpresso_6.1.4_194/lpcxpresso/tools/bin/../lib/gcc/arm-none-eabi/4.6.2/../../../../arm-none-eabi/lib/armv7-m\libc.a(lib_a-fputwc.o)
                0x0000a7a8                _fputwc_r
 .text._fstat_r
                0x0000a878       0x28 c:/labsoft/ee2024/lpcxpresso_6.1.4_194/lpcxpresso/tools/bin/../lib/gcc/arm-none-eabi/4.6.2/../../../../arm-none-eabi/lib/armv7-m\libc.a(lib_a-fstatr.o)
                0x0000a878                _fstat_r
 .text.__sfvwrite_r
                0x0000a8a0      0x2e8 c:/labsoft/ee2024/lpcxpresso_6.1.4_194/lpcxpresso/tools/bin/../lib/gcc/arm-none-eabi/4.6.2/../../../../arm-none-eabi/lib/armv7-m\libc.a(lib_a-fvwrite.o)
                0x0000a8a0                __sfvwrite_r
 .text._isatty_r
                0x0000ab88       0x24 c:/labsoft/ee2024/lpcxpresso_6.1.4_194/lpcxpresso/tools/bin/../lib/gcc/arm-none-eabi/4.6.2/../../../../arm-none-eabi/lib/armv7-m\libc.a(lib_a-isattyr.o)
                0x0000ab88                _isatty_r
 .text._lseek_r
                0x0000abac       0x28 c:/labsoft/ee2024/lpcxpresso_6.1.4_194/lpcxpresso/tools/bin/../lib/gcc/arm-none-eabi/4.6.2/../../../../arm-none-eabi/lib/armv7-m\libc.a(lib_a-lseekr.o)
                0x0000abac                _lseek_r
 .text.memmove  0x0000abd4       0xb0 c:/labsoft/ee2024/lpcxpresso_6.1.4_194/lpcxpresso/tools/bin/../lib/gcc/arm-none-eabi/4.6.2/../../../../arm-none-eabi/lib/armv7-m\libc.a(lib_a-memmove.o)
                0x0000abd4                memmove
 .text._read_r  0x0000ac84       0x28 c:/labsoft/ee2024/lpcxpresso_6.1.4_194/lpcxpresso/tools/bin/../lib/gcc/arm-none-eabi/4.6.2/../../../../arm-none-eabi/lib/armv7-m\libc.a(lib_a-readr.o)
                0x0000ac84                _read_r
 .text._realloc_r
                0x0000acac      0x3f4 c:/labsoft/ee2024/lpcxpresso_6.1.4_194/lpcxpresso/tools/bin/../lib/gcc/arm-none-eabi/4.6.2/../../../../arm-none-eabi/lib/armv7-m\libc.a(lib_a-reallocr.o)
                0x0000acac                _realloc_r
 .text.__swbuf_r
                0x0000b0a0       0xc0 c:/labsoft/ee2024/lpcxpresso_6.1.4_194/lpcxpresso/tools/bin/../lib/gcc/arm-none-eabi/4.6.2/../../../../arm-none-eabi/lib/armv7-m\libc.a(lib_a-wbuf.o)
                0x0000b0a0                __swbuf_r
 .text._wcrtomb_r
                0x0000b160       0x4c c:/labsoft/ee2024/lpcxpresso_6.1.4_194/lpcxpresso/tools/bin/../lib/gcc/arm-none-eabi/4.6.2/../../../../arm-none-eabi/lib/armv7-m\libc.a(lib_a-wcrtomb.o)
                0x0000b160                _wcrtomb_r
 .text.__ascii_wctomb
                0x0000b1ac       0x1c c:/labsoft/ee2024/lpcxpresso_6.1.4_194/lpcxpresso/tools/bin/../lib/gcc/arm-none-eabi/4.6.2/../../../../arm-none-eabi/lib/armv7-m\libc.a(lib_a-wctomb_r.o)
                0x0000b1ac                __ascii_wctomb
 .text._sbrk    0x0000b1c8       0x3c c:/labsoft/ee2024/lpcxpresso_6.1.4_194/lpcxpresso/tools/bin/../lib/gcc/arm-none-eabi/4.6.2/../../../../arm-none-eabi/lib/armv7-m\libcr_newlib_semihost.a(_cr_sbrk.o)
                0x0000b1c8                _sbrk
 .text.do_AngelSWI
                0x0000b204       0x12 c:/labsoft/ee2024/lpcxpresso_6.1.4_194/lpcxpresso/tools/bin/../lib/gcc/arm-none-eabi/4.6.2/../../../../arm-none-eabi/lib/armv7-m\libcr_newlib_semihost.a(syscalls.o)
 *fill*         0x0000b216        0x2 00
 .text.initialise_monitor_handles
                0x0000b218       0x9c c:/labsoft/ee2024/lpcxpresso_6.1.4_194/lpcxpresso/tools/bin/../lib/gcc/arm-none-eabi/4.6.2/../../../../arm-none-eabi/lib/armv7-m\libcr_newlib_semihost.a(syscalls.o)
 .text.findslot
                0x0000b2b4       0x2c c:/labsoft/ee2024/lpcxpresso_6.1.4_194/lpcxpresso/tools/bin/../lib/gcc/arm-none-eabi/4.6.2/../../../../arm-none-eabi/lib/armv7-m\libcr_newlib_semihost.a(syscalls.o)
 .text.error    0x0000b2e0       0x18 c:/labsoft/ee2024/lpcxpresso_6.1.4_194/lpcxpresso/tools/bin/../lib/gcc/arm-none-eabi/4.6.2/../../../../arm-none-eabi/lib/armv7-m\libcr_newlib_semihost.a(syscalls.o)
 .text.checkerror
                0x0000b2f8        0xc c:/labsoft/ee2024/lpcxpresso_6.1.4_194/lpcxpresso/tools/bin/../lib/gcc/arm-none-eabi/4.6.2/../../../../arm-none-eabi/lib/armv7-m\libcr_newlib_semihost.a(syscalls.o)
 .text._swiread
                0x0000b304       0x18 c:/labsoft/ee2024/lpcxpresso_6.1.4_194/lpcxpresso/tools/bin/../lib/gcc/arm-none-eabi/4.6.2/../../../../arm-none-eabi/lib/armv7-m\libcr_newlib_semihost.a(syscalls.o)
                0x0000b304                _swiread
 .text._read    0x0000b31c       0x36 c:/labsoft/ee2024/lpcxpresso_6.1.4_194/lpcxpresso/tools/bin/../lib/gcc/arm-none-eabi/4.6.2/../../../../arm-none-eabi/lib/armv7-m\libcr_newlib_semihost.a(syscalls.o)
                0x0000b31c                _read
 .text._swilseek
                0x0000b352       0x76 c:/labsoft/ee2024/lpcxpresso_6.1.4_194/lpcxpresso/tools/bin/../lib/gcc/arm-none-eabi/4.6.2/../../../../arm-none-eabi/lib/armv7-m\libcr_newlib_semihost.a(syscalls.o)
                0x0000b352                _swilseek
 .text._lseek   0x0000b3c8        0x4 c:/labsoft/ee2024/lpcxpresso_6.1.4_194/lpcxpresso/tools/bin/../lib/gcc/arm-none-eabi/4.6.2/../../../../arm-none-eabi/lib/armv7-m\libcr_newlib_semihost.a(syscalls.o)
                0x0000b3c8                _lseek
 .text._swiwrite
                0x0000b3cc       0x18 c:/labsoft/ee2024/lpcxpresso_6.1.4_194/lpcxpresso/tools/bin/../lib/gcc/arm-none-eabi/4.6.2/../../../../arm-none-eabi/lib/armv7-m\libcr_newlib_semihost.a(syscalls.o)
                0x0000b3cc                _swiwrite
 .text._write   0x0000b3e4       0x46 c:/labsoft/ee2024/lpcxpresso_6.1.4_194/lpcxpresso/tools/bin/../lib/gcc/arm-none-eabi/4.6.2/../../../../arm-none-eabi/lib/armv7-m\libcr_newlib_semihost.a(syscalls.o)
                0x0000b3e4                _write
 .text._swiclose
                0x0000b42a       0x14 c:/labsoft/ee2024/lpcxpresso_6.1.4_194/lpcxpresso/tools/bin/../lib/gcc/arm-none-eabi/4.6.2/../../../../arm-none-eabi/lib/armv7-m\libcr_newlib_semihost.a(syscalls.o)
                0x0000b42a                _swiclose
 *fill*         0x0000b43e        0x2 00
 .text._close   0x0000b440       0x48 c:/labsoft/ee2024/lpcxpresso_6.1.4_194/lpcxpresso/tools/bin/../lib/gcc/arm-none-eabi/4.6.2/../../../../arm-none-eabi/lib/armv7-m\libcr_newlib_semihost.a(syscalls.o)
                0x0000b440                _close
 .text._swistat
                0x0000b488       0x3e c:/labsoft/ee2024/lpcxpresso_6.1.4_194/lpcxpresso/tools/bin/../lib/gcc/arm-none-eabi/4.6.2/../../../../arm-none-eabi/lib/armv7-m\libcr_newlib_semihost.a(syscalls.o)
                0x0000b488                _swistat
 .text._fstat   0x0000b4c6       0x1c c:/labsoft/ee2024/lpcxpresso_6.1.4_194/lpcxpresso/tools/bin/../lib/gcc/arm-none-eabi/4.6.2/../../../../arm-none-eabi/lib/armv7-m\libcr_newlib_semihost.a(syscalls.o)
                0x0000b4c6                _fstat
 .text._isatty  0x0000b4e2       0x26 c:/labsoft/ee2024/lpcxpresso_6.1.4_194/lpcxpresso/tools/bin/../lib/gcc/arm-none-eabi/4.6.2/../../../../arm-none-eabi/lib/armv7-m\libcr_newlib_semihost.a(syscalls.o)
                0x0000b4e2                _isatty
 .text.__check_heap_overflow
                0x0000b508       0x2c c:/labsoft/ee2024/lpcxpresso_6.1.4_194/lpcxpresso/tools/bin/../lib/gcc/arm-none-eabi/4.6.2/../../../../arm-none-eabi/lib/armv7-m\libcr_newlib_semihost.a(_cr_check_heap.o)
                0x0000b508                __check_heap_overflow
 .text          0x0000b534      0x110 c:/labsoft/ee2024/lpcxpresso_6.1.4_194/lpcxpresso/tools/bin/../lib/gcc/arm-none-eabi/4.6.2/armv7-m\libgcc.a(_arm_cmpdf2.o)
                0x0000b534                __gtdf2
                0x0000b534                __gedf2
                0x0000b53c                __ltdf2
                0x0000b53c                __ledf2
                0x0000b544                __nedf2
                0x0000b544                __eqdf2
                0x0000b544                __cmpdf2
                0x0000b5c0                __aeabi_cdrcmple
                0x0000b5d0                __aeabi_cdcmpeq
                0x0000b5d0                __aeabi_cdcmple
                0x0000b5e0                __aeabi_dcmpeq
                0x0000b5f4                __aeabi_dcmplt
                0x0000b608                __aeabi_dcmple
                0x0000b61c                __aeabi_dcmpge
                0x0000b630                __aeabi_dcmpgt
 .text          0x0000b644       0x50 c:/labsoft/ee2024/lpcxpresso_6.1.4_194/lpcxpresso/tools/bin/../lib/gcc/arm-none-eabi/4.6.2/armv7-m\libgcc.a(_arm_fixdfsi.o)
                0x0000b644                __aeabi_d2iz
                0x0000b644                __fixdfsi
 .text.__errno  0x0000b694        0xc c:/labsoft/ee2024/lpcxpresso_6.1.4_194/lpcxpresso/tools/bin/../lib/gcc/arm-none-eabi/4.6.2/../../../../arm-none-eabi/lib/armv7-m\libc.a(lib_a-errno.o)
                0x0000b694                __errno
 *(.rodata .rodata.* .constdata .constdata.*)
 .rodata        0x0000b6a0       0xe0 ./src/main.o
 .rodata        0x0000b780        0x8 D:\MyWork\ASTQ2\Lib_EaBaseBoard\Debug\libLib_EaBaseBoard.a(oled.o)
 .rodata        0x0000b788      0x300 D:\MyWork\ASTQ2\Lib_EaBaseBoard\Debug\libLib_EaBaseBoard.a(font5x7.o)
                0x0000b788                font5x7
 .rodata        0x0000ba88       0x18 D:\MyWork\ASTQ2\Lib_MCU\Debug\libLib_MCU.a(lpc17xx_i2c.o)
 .rodata        0x0000baa0       0x18 D:\MyWork\ASTQ2\Lib_MCU\Debug\libLib_MCU.a(lpc17xx_ssp.o)
 .rodata.zeroes.6590
                0x0000bab8       0x10 c:/labsoft/ee2024/lpcxpresso_6.1.4_194/lpcxpresso/tools/bin/../lib/gcc/arm-none-eabi/4.6.2/../../../../arm-none-eabi/lib/armv7-m\libc.a(lib_a-svfprintf.o)
 .rodata.str1.4
                0x0000bac8       0x42 c:/labsoft/ee2024/lpcxpresso_6.1.4_194/lpcxpresso/tools/bin/../lib/gcc/arm-none-eabi/4.6.2/../../../../arm-none-eabi/lib/armv7-m\libc.a(lib_a-svfprintf.o)
                                 0x44 (size before relaxing)
 *fill*         0x0000bb0a        0x2 00
 .rodata.blanks.6589
                0x0000bb0c       0x10 c:/labsoft/ee2024/lpcxpresso_6.1.4_194/lpcxpresso/tools/bin/../lib/gcc/arm-none-eabi/4.6.2/../../../../arm-none-eabi/lib/armv7-m\libc.a(lib_a-svfprintf.o)
 .rodata.zeroes.6605
                0x0000bb1c       0x10 c:/labsoft/ee2024/lpcxpresso_6.1.4_194/lpcxpresso/tools/bin/../lib/gcc/arm-none-eabi/4.6.2/../../../../arm-none-eabi/lib/armv7-m\libc.a(lib_a-vfprintf.o)
 .rodata.str1.4
                0x00000000       0x44 c:/labsoft/ee2024/lpcxpresso_6.1.4_194/lpcxpresso/tools/bin/../lib/gcc/arm-none-eabi/4.6.2/../../../../arm-none-eabi/lib/armv7-m\libc.a(lib_a-vfprintf.o)
 .rodata.blanks.6604
                0x0000bb2c       0x10 c:/labsoft/ee2024/lpcxpresso_6.1.4_194/lpcxpresso/tools/bin/../lib/gcc/arm-none-eabi/4.6.2/../../../../arm-none-eabi/lib/armv7-m\libc.a(lib_a-vfprintf.o)
 .rodata.str1.4
                0x0000bb3c       0x10 c:/labsoft/ee2024/lpcxpresso_6.1.4_194/lpcxpresso/tools/bin/../lib/gcc/arm-none-eabi/4.6.2/../../../../arm-none-eabi/lib/armv7-m\libc.a(lib_a-dtoa.o)
                                 0x14 (size before relaxing)
 .rodata.str1.4
                0x0000bb4c        0x2 c:/labsoft/ee2024/lpcxpresso_6.1.4_194/lpcxpresso/tools/bin/../lib/gcc/arm-none-eabi/4.6.2/../../../../arm-none-eabi/lib/armv7-m\libc.a(lib_a-impure.o)
                                  0x4 (size before relaxing)
 *fill*         0x0000bb4e        0x2 00
 .rodata.str1.4
                0x0000bb50        0xc c:/labsoft/ee2024/lpcxpresso_6.1.4_194/lpcxpresso/tools/bin/../lib/gcc/arm-none-eabi/4.6.2/../../../../arm-none-eabi/lib/armv7-m\libc.a(lib_a-locale.o)
                                 0x14 (size before relaxing)
 *fill*         0x0000bb5c        0x4 00
 .rodata.__mprec_tens
                0x0000bb60       0xc8 c:/labsoft/ee2024/lpcxpresso_6.1.4_194/lpcxpresso/tools/bin/../lib/gcc/arm-none-eabi/4.6.2/../../../../arm-none-eabi/lib/armv7-m\libc.a(lib_a-mprec.o)
                0x0000bb60                __mprec_tens
 .rodata.__mprec_bigtens
                0x0000bc28       0x28 c:/labsoft/ee2024/lpcxpresso_6.1.4_194/lpcxpresso/tools/bin/../lib/gcc/arm-none-eabi/4.6.2/../../../../arm-none-eabi/lib/armv7-m\libc.a(lib_a-mprec.o)
                0x0000bc28                __mprec_bigtens
 .rodata.p05.5111
                0x0000bc50        0xc c:/labsoft/ee2024/lpcxpresso_6.1.4_194/lpcxpresso/tools/bin/../lib/gcc/arm-none-eabi/4.6.2/../../../../arm-none-eabi/lib/armv7-m\libc.a(lib_a-mprec.o)
 .rodata.str1.1
                0x0000bc5c        0x4 c:/labsoft/ee2024/lpcxpresso_6.1.4_194/lpcxpresso/tools/bin/../lib/gcc/arm-none-eabi/4.6.2/../../../../arm-none-eabi/lib/armv7-m\libcr_newlib_semihost.a(syscalls.o)
                0x0000bc60                . = ALIGN (0x4)

.glue_7         0x0000bc60        0x0
 .glue_7        0x00000000        0x0 linker stubs

.glue_7t        0x0000bc60        0x0
 .glue_7t       0x00000000        0x0 linker stubs

.vfp11_veneer   0x0000bc60        0x0
 .vfp11_veneer  0x00000000        0x0 linker stubs

.v4_bx          0x0000bc60        0x0
 .v4_bx         0x00000000        0x0 linker stubs

.ARM.extab
 *(.ARM.extab* .gnu.linkonce.armextab.*)
                0x0000bc60                __exidx_start = .

.ARM.exidx      0x0000bc60        0x8
 *(.ARM.exidx* .gnu.linkonce.armexidx.*)
 .ARM.exidx     0x0000bc60        0x8 c:/labsoft/ee2024/lpcxpresso_6.1.4_194/lpcxpresso/tools/bin/../lib/gcc/arm-none-eabi/4.6.2/armv7-m\libgcc.a(_divdi3.o)
 .ARM.exidx     0x0000bc68        0x0 c:/labsoft/ee2024/lpcxpresso_6.1.4_194/lpcxpresso/tools/bin/../lib/gcc/arm-none-eabi/4.6.2/armv7-m\libgcc.a(_udivdi3.o)
                                  0x8 (size before relaxing)
                0x0000bc68                __exidx_end = .
                0x0000bc68                _etext = .

.data_RAM2      0x2007c000        0x0 load address 0x0000bc68
 FILL mask 0xff
 *(.data.$RAM2*)
 *(.data.$RamAHB32*)
                0x2007c000                . = ALIGN (0x4)

.uninit_RESERVED
                0x10000000        0x0
 *(.bss.$RESERVED*)
                0x10000000                . = ALIGN (0x4)
                0x10000000                _end_uninit_RESERVED = .

.data           0x10000000      0x8fc load address 0x0000bc68
 FILL mask 0xff
                0x10000000                _data = .
 *(vtable)
 *(.data*)
 .data          0x10000000        0x4 ./src/main.o
                0x10000001                nextstate
 .data          0x10000004        0x4 D:\MyWork\ASTQ2\Lib_CMSISv1p30_LPC17xx\Debug\libCMSISv1p30_LPC17xx.a(system_LPC17xx.o)
                0x10000004                SystemCoreClock
 .data          0x10000008       0x50 D:\MyWork\ASTQ2\Lib_EaBaseBoard\Debug\libLib_EaBaseBoard.a(led7seg.o)
 .data          0x10000058        0x8 D:\MyWork\ASTQ2\Lib_EaBaseBoard\Debug\libLib_EaBaseBoard.a(light.o)
 .data.impure_data
                0x10000060      0x428 c:/labsoft/ee2024/lpcxpresso_6.1.4_194/lpcxpresso/tools/bin/../lib/gcc/arm-none-eabi/4.6.2/../../../../arm-none-eabi/lib/armv7-m\libc.a(lib_a-impure.o)
 .data._impure_ptr
                0x10000488        0x4 c:/labsoft/ee2024/lpcxpresso_6.1.4_194/lpcxpresso/tools/bin/../lib/gcc/arm-none-eabi/4.6.2/../../../../arm-none-eabi/lib/armv7-m\libc.a(lib_a-impure.o)
                0x10000488                _impure_ptr
 .data.lconv    0x1000048c       0x38 c:/labsoft/ee2024/lpcxpresso_6.1.4_194/lpcxpresso/tools/bin/../lib/gcc/arm-none-eabi/4.6.2/../../../../arm-none-eabi/lib/armv7-m\libc.a(lib_a-locale.o)
 .data.lc_ctype_charset
                0x100004c4       0x20 c:/labsoft/ee2024/lpcxpresso_6.1.4_194/lpcxpresso/tools/bin/../lib/gcc/arm-none-eabi/4.6.2/../../../../arm-none-eabi/lib/armv7-m\libc.a(lib_a-locale.o)
 .data.__mb_cur_max
                0x100004e4        0x4 c:/labsoft/ee2024/lpcxpresso_6.1.4_194/lpcxpresso/tools/bin/../lib/gcc/arm-none-eabi/4.6.2/../../../../arm-none-eabi/lib/armv7-m\libc.a(lib_a-locale.o)
                0x100004e4                __mb_cur_max
 .data.__malloc_av_
                0x100004e8      0x408 c:/labsoft/ee2024/lpcxpresso_6.1.4_194/lpcxpresso/tools/bin/../lib/gcc/arm-none-eabi/4.6.2/../../../../arm-none-eabi/lib/armv7-m\libc.a(lib_a-mallocr.o)
                0x100004e8                __malloc_av_
 .data.__malloc_trim_threshold
                0x100008f0        0x4 c:/labsoft/ee2024/lpcxpresso_6.1.4_194/lpcxpresso/tools/bin/../lib/gcc/arm-none-eabi/4.6.2/../../../../arm-none-eabi/lib/armv7-m\libc.a(lib_a-mallocr.o)
                0x100008f0                __malloc_trim_threshold
 .data.__malloc_sbrk_base
                0x100008f4        0x4 c:/labsoft/ee2024/lpcxpresso_6.1.4_194/lpcxpresso/tools/bin/../lib/gcc/arm-none-eabi/4.6.2/../../../../arm-none-eabi/lib/armv7-m\libc.a(lib_a-mallocr.o)
                0x100008f4                __malloc_sbrk_base
 .data.__wctomb
                0x100008f8        0x4 c:/labsoft/ee2024/lpcxpresso_6.1.4_194/lpcxpresso/tools/bin/../lib/gcc/arm-none-eabi/4.6.2/../../../../arm-none-eabi/lib/armv7-m\libc.a(lib_a-wctomb_r.o)
                0x100008f8                __wctomb
                0x100008fc                . = ALIGN (0x4)
                0x100008fc                _edata = .

.bss_RAM2       0x2007c000        0x0
 *(.bss.$RAM2*)
 *(.bss.$RamAHB32*)
                0x2007c000                . = ALIGN (0x4)

.bss            0x100008fc      0x3f4
                0x100008fc                _bss = .
 *(.bss*)
 .bss           0x100008fc       0x30 ./src/main.o
                0x100008fc                d
                0x10000900                k
                0x10000904                f
                0x10000908                g
                0x1000090c                state
                0x10000910                initial
                0x10000914                final
                0x10000918                my_light_value
                0x1000091c                myval
 .bss           0x1000092c      0x300 D:\MyWork\ASTQ2\Lib_EaBaseBoard\Debug\libLib_EaBaseBoard.a(oled.o)
 .bss           0x10000c2c        0x6 D:\MyWork\ASTQ2\Lib_EaBaseBoard\Debug\libLib_EaBaseBoard.a(pca9532.o)
 *fill*         0x10000c32        0x2 00
 .bss           0x10000c34        0x4 D:\MyWork\ASTQ2\Lib_EaBaseBoard\Debug\libLib_EaBaseBoard.a(temp.o)
 .bss           0x10000c38       0x24 D:\MyWork\ASTQ2\Lib_MCU\Debug\libLib_MCU.a(lpc17xx_i2c.o)
 .bss           0x10000c5c       0x18 D:\MyWork\ASTQ2\Lib_MCU\Debug\libLib_MCU.a(lpc17xx_ssp.o)
 .bss.__malloc_max_total_mem
                0x10000c74        0x4 c:/labsoft/ee2024/lpcxpresso_6.1.4_194/lpcxpresso/tools/bin/../lib/gcc/arm-none-eabi/4.6.2/../../../../arm-none-eabi/lib/armv7-m\libc.a(lib_a-mallocr.o)
                0x10000c74                __malloc_max_total_mem
 .bss.__malloc_max_sbrked_mem
                0x10000c78        0x4 c:/labsoft/ee2024/lpcxpresso_6.1.4_194/lpcxpresso/tools/bin/../lib/gcc/arm-none-eabi/4.6.2/../../../../arm-none-eabi/lib/armv7-m\libc.a(lib_a-mallocr.o)
                0x10000c78                __malloc_max_sbrked_mem
 .bss.__malloc_top_pad
                0x10000c7c        0x4 c:/labsoft/ee2024/lpcxpresso_6.1.4_194/lpcxpresso/tools/bin/../lib/gcc/arm-none-eabi/4.6.2/../../../../arm-none-eabi/lib/armv7-m\libc.a(lib_a-mallocr.o)
                0x10000c7c                __malloc_top_pad
 .bss.__malloc_current_mallinfo
                0x10000c80       0x28 c:/labsoft/ee2024/lpcxpresso_6.1.4_194/lpcxpresso/tools/bin/../lib/gcc/arm-none-eabi/4.6.2/../../../../arm-none-eabi/lib/armv7-m\libc.a(lib_a-mallocr.o)
                0x10000c80                __malloc_current_mallinfo
 .bss.monitor_stdout
                0x10000ca8        0x4 c:/labsoft/ee2024/lpcxpresso_6.1.4_194/lpcxpresso/tools/bin/../lib/gcc/arm-none-eabi/4.6.2/../../../../arm-none-eabi/lib/armv7-m\libcr_newlib_semihost.a(syscalls.o)
 .bss.monitor_stdin
                0x10000cac        0x4 c:/labsoft/ee2024/lpcxpresso_6.1.4_194/lpcxpresso/tools/bin/../lib/gcc/arm-none-eabi/4.6.2/../../../../arm-none-eabi/lib/armv7-m\libcr_newlib_semihost.a(syscalls.o)
 .bss.initialized.2429
                0x10000cb0        0x4 c:/labsoft/ee2024/lpcxpresso_6.1.4_194/lpcxpresso/tools/bin/../lib/gcc/arm-none-eabi/4.6.2/../../../../arm-none-eabi/lib/armv7-m\libcr_newlib_semihost.a(syscalls.o)
 .bss.monitor_stderr
                0x10000cb4        0x4 c:/labsoft/ee2024/lpcxpresso_6.1.4_194/lpcxpresso/tools/bin/../lib/gcc/arm-none-eabi/4.6.2/../../../../arm-none-eabi/lib/armv7-m\libcr_newlib_semihost.a(syscalls.o)
 .bss.openfiles
                0x10000cb8       0x28 c:/labsoft/ee2024/lpcxpresso_6.1.4_194/lpcxpresso/tools/bin/../lib/gcc/arm-none-eabi/4.6.2/../../../../arm-none-eabi/lib/armv7-m\libcr_newlib_semihost.a(syscalls.o)
 *(COMMON)
 COMMON         0x10000ce0        0x8 ./src/main.o
                0x10000ce0                msTicks
                0x10000ce4                msTicks2
 COMMON         0x10000ce8        0x4 c:/labsoft/ee2024/lpcxpresso_6.1.4_194/lpcxpresso/tools/bin/../lib/gcc/arm-none-eabi/4.6.2/../../../../arm-none-eabi/lib/armv7-m\libc.a(lib_a-reent.o)
                0x10000ce8                errno
 COMMON         0x10000cec        0x4 c:/labsoft/ee2024/lpcxpresso_6.1.4_194/lpcxpresso/tools/bin/../lib/gcc/arm-none-eabi/4.6.2/../../../../arm-none-eabi/lib/armv7-m\libcr_newlib_semihost.a(_cr_sbrk.o)
                0x10000cec                __end_of_heap
                0x10000cf0                . = ALIGN (0x4)
                0x10000cf0                _ebss = .
                0x10000cf0                PROVIDE (end, .)

.noinit_RAM2    0x2007c000        0x0
 *(.noinit.$RAM2*)
 *(.noinit.$RamAHB32*)
                0x2007c000                . = ALIGN (0x4)

.noinit         0x10000cf0        0x0
                0x10000cf0                _noinit = .
 *(.noinit*)
                0x10000cf0                . = ALIGN (0x4)
                0x10000cf0                _end_noinit = .
                0x10000cf0                PROVIDE (_pvHeapStart, .)
                0x10008000                PROVIDE (_vStackTop, (__top_RamLoc32 - 0x0))
OUTPUT(demo.axf elf32-littlearm)

.debug_info     0x00000000     0x8f85
 .debug_info    0x00000000      0x209 ./src/cr_startup_lpc17.o
 .debug_info    0x00000209     0x1a62 ./src/main.o
 .debug_info    0x00001c6b      0x357 D:\MyWork\ASTQ2\Lib_CMSISv1p30_LPC17xx\Debug\libCMSISv1p30_LPC17xx.a(system_LPC17xx.o)
 .debug_info    0x00001fc2      0x53d D:\MyWork\ASTQ2\Lib_EaBaseBoard\Debug\libLib_EaBaseBoard.a(acc.o)
 .debug_info    0x000024ff      0x282 D:\MyWork\ASTQ2\Lib_EaBaseBoard\Debug\libLib_EaBaseBoard.a(led7seg.o)
 .debug_info    0x00002781      0x763 D:\MyWork\ASTQ2\Lib_EaBaseBoard\Debug\libLib_EaBaseBoard.a(light.o)
 .debug_info    0x00002ee4      0x97d D:\MyWork\ASTQ2\Lib_EaBaseBoard\Debug\libLib_EaBaseBoard.a(oled.o)
 .debug_info    0x00003861      0x642 D:\MyWork\ASTQ2\Lib_EaBaseBoard\Debug\libLib_EaBaseBoard.a(pca9532.o)
 .debug_info    0x00003ea3       0xf2 D:\MyWork\ASTQ2\Lib_EaBaseBoard\Debug\libLib_EaBaseBoard.a(rgb.o)
 .debug_info    0x00003f95      0x154 D:\MyWork\ASTQ2\Lib_EaBaseBoard\Debug\libLib_EaBaseBoard.a(temp.o)
 .debug_info    0x000040e9       0x65 D:\MyWork\ASTQ2\Lib_EaBaseBoard\Debug\libLib_EaBaseBoard.a(font5x7.o)
 .debug_info    0x0000414e      0xb95 D:\MyWork\ASTQ2\Lib_MCU\Debug\libLib_MCU.a(lpc17xx_gpio.o)
 .debug_info    0x00004ce3      0xcc3 D:\MyWork\ASTQ2\Lib_MCU\Debug\libLib_MCU.a(lpc17xx_i2c.o)
 .debug_info    0x000059a6      0x4b1 D:\MyWork\ASTQ2\Lib_MCU\Debug\libLib_MCU.a(lpc17xx_pinsel.o)
 .debug_info    0x00005e57      0x867 D:\MyWork\ASTQ2\Lib_MCU\Debug\libLib_MCU.a(lpc17xx_ssp.o)
 .debug_info    0x000066be     0x14df D:\MyWork\ASTQ2\Lib_MCU\Debug\libLib_MCU.a(lpc17xx_uart.o)
 .debug_info    0x00007b9d      0x641 D:\MyWork\ASTQ2\Lib_MCU\Debug\libLib_MCU.a(lpc17xx_clkpwr.o)
 .debug_info    0x000081de      0x106 c:/labsoft/ee2024/lpcxpresso_6.1.4_194/lpcxpresso/tools/bin/../lib/gcc/arm-none-eabi/4.6.2/../../../../arm-none-eabi/lib/armv7-m\libcr_newlib_semihost.a(_cr_sbrk.o)
 .debug_info    0x000082e4      0xbec c:/labsoft/ee2024/lpcxpresso_6.1.4_194/lpcxpresso/tools/bin/../lib/gcc/arm-none-eabi/4.6.2/../../../../arm-none-eabi/lib/armv7-m\libcr_newlib_semihost.a(syscalls.o)
 .debug_info    0x00008ed0       0xb5 c:/labsoft/ee2024/lpcxpresso_6.1.4_194/lpcxpresso/tools/bin/../lib/gcc/arm-none-eabi/4.6.2/../../../../arm-none-eabi/lib/armv7-m\libcr_newlib_semihost.a(_cr_check_heap.o)

.debug_abbrev   0x00000000     0x1c6f
 .debug_abbrev  0x00000000       0xb4 ./src/cr_startup_lpc17.o
 .debug_abbrev  0x000000b4      0x328 ./src/main.o
 .debug_abbrev  0x000003dc       0xce D:\MyWork\ASTQ2\Lib_CMSISv1p30_LPC17xx\Debug\libCMSISv1p30_LPC17xx.a(system_LPC17xx.o)
 .debug_abbrev  0x000004aa      0x15c D:\MyWork\ASTQ2\Lib_EaBaseBoard\Debug\libLib_EaBaseBoard.a(acc.o)
 .debug_abbrev  0x00000606      0x155 D:\MyWork\ASTQ2\Lib_EaBaseBoard\Debug\libLib_EaBaseBoard.a(led7seg.o)
 .debug_abbrev  0x0000075b      0x1bd D:\MyWork\ASTQ2\Lib_EaBaseBoard\Debug\libLib_EaBaseBoard.a(light.o)
 .debug_abbrev  0x00000918      0x1f1 D:\MyWork\ASTQ2\Lib_EaBaseBoard\Debug\libLib_EaBaseBoard.a(oled.o)
 .debug_abbrev  0x00000b09      0x1aa D:\MyWork\ASTQ2\Lib_EaBaseBoard\Debug\libLib_EaBaseBoard.a(pca9532.o)
 .debug_abbrev  0x00000cb3       0x9d D:\MyWork\ASTQ2\Lib_EaBaseBoard\Debug\libLib_EaBaseBoard.a(rgb.o)
 .debug_abbrev  0x00000d50       0xc2 D:\MyWork\ASTQ2\Lib_EaBaseBoard\Debug\libLib_EaBaseBoard.a(temp.o)
 .debug_abbrev  0x00000e12       0x4b D:\MyWork\ASTQ2\Lib_EaBaseBoard\Debug\libLib_EaBaseBoard.a(font5x7.o)
 .debug_abbrev  0x00000e5d      0x185 D:\MyWork\ASTQ2\Lib_MCU\Debug\libLib_MCU.a(lpc17xx_gpio.o)
 .debug_abbrev  0x00000fe2      0x24a D:\MyWork\ASTQ2\Lib_MCU\Debug\libLib_MCU.a(lpc17xx_i2c.o)
 .debug_abbrev  0x0000122c      0x10a D:\MyWork\ASTQ2\Lib_MCU\Debug\libLib_MCU.a(lpc17xx_pinsel.o)
 .debug_abbrev  0x00001336      0x1d3 D:\MyWork\ASTQ2\Lib_MCU\Debug\libLib_MCU.a(lpc17xx_ssp.o)
 .debug_abbrev  0x00001509      0x259 D:\MyWork\ASTQ2\Lib_MCU\Debug\libLib_MCU.a(lpc17xx_uart.o)
 .debug_abbrev  0x00001762      0x174 D:\MyWork\ASTQ2\Lib_MCU\Debug\libLib_MCU.a(lpc17xx_clkpwr.o)
 .debug_abbrev  0x000018d6       0xa8 c:/labsoft/ee2024/lpcxpresso_6.1.4_194/lpcxpresso/tools/bin/../lib/gcc/arm-none-eabi/4.6.2/../../../../arm-none-eabi/lib/armv7-m\libcr_newlib_semihost.a(_cr_sbrk.o)
 .debug_abbrev  0x0000197e      0x27f c:/labsoft/ee2024/lpcxpresso_6.1.4_194/lpcxpresso/tools/bin/../lib/gcc/arm-none-eabi/4.6.2/../../../../arm-none-eabi/lib/armv7-m\libcr_newlib_semihost.a(syscalls.o)
 .debug_abbrev  0x00001bfd       0x72 c:/labsoft/ee2024/lpcxpresso_6.1.4_194/lpcxpresso/tools/bin/../lib/gcc/arm-none-eabi/4.6.2/../../../../arm-none-eabi/lib/armv7-m\libcr_newlib_semihost.a(_cr_check_heap.o)

.debug_loc      0x00000000     0x386c
 .debug_loc     0x00000000      0x1f0 ./src/cr_startup_lpc17.o
 .debug_loc     0x000001f0      0x612 ./src/main.o
 .debug_loc     0x00000802       0x58 D:\MyWork\ASTQ2\Lib_CMSISv1p30_LPC17xx\Debug\libCMSISv1p30_LPC17xx.a(system_LPC17xx.o)
 .debug_loc     0x0000085a      0x1f0 D:\MyWork\ASTQ2\Lib_EaBaseBoard\Debug\libLib_EaBaseBoard.a(acc.o)
 .debug_loc     0x00000a4a       0x64 D:\MyWork\ASTQ2\Lib_EaBaseBoard\Debug\libLib_EaBaseBoard.a(led7seg.o)
 .debug_loc     0x00000aae      0x378 D:\MyWork\ASTQ2\Lib_EaBaseBoard\Debug\libLib_EaBaseBoard.a(light.o)
 .debug_loc     0x00000e26      0x33e D:\MyWork\ASTQ2\Lib_EaBaseBoard\Debug\libLib_EaBaseBoard.a(oled.o)
 .debug_loc     0x00001164      0x2d0 D:\MyWork\ASTQ2\Lib_EaBaseBoard\Debug\libLib_EaBaseBoard.a(pca9532.o)
 .debug_loc     0x00001434       0x64 D:\MyWork\ASTQ2\Lib_EaBaseBoard\Debug\libLib_EaBaseBoard.a(rgb.o)
 .debug_loc     0x00001498       0x70 D:\MyWork\ASTQ2\Lib_EaBaseBoard\Debug\libLib_EaBaseBoard.a(temp.o)
 .debug_loc     0x00001508      0x4d0 D:\MyWork\ASTQ2\Lib_MCU\Debug\libLib_MCU.a(lpc17xx_gpio.o)
 .debug_loc     0x000019d8      0x4e4 D:\MyWork\ASTQ2\Lib_MCU\Debug\libLib_MCU.a(lpc17xx_i2c.o)
 .debug_loc     0x00001ebc      0x150 D:\MyWork\ASTQ2\Lib_MCU\Debug\libLib_MCU.a(lpc17xx_pinsel.o)
 .debug_loc     0x0000200c      0x448 D:\MyWork\ASTQ2\Lib_MCU\Debug\libLib_MCU.a(lpc17xx_ssp.o)
 .debug_loc     0x00002454      0x77a D:\MyWork\ASTQ2\Lib_MCU\Debug\libLib_MCU.a(lpc17xx_uart.o)
 .debug_loc     0x00002bce      0x1bc D:\MyWork\ASTQ2\Lib_MCU\Debug\libLib_MCU.a(lpc17xx_clkpwr.o)
 .debug_loc     0x00002d8a       0x55 c:/labsoft/ee2024/lpcxpresso_6.1.4_194/lpcxpresso/tools/bin/../lib/gcc/arm-none-eabi/4.6.2/../../../../arm-none-eabi/lib/armv7-m\libcr_newlib_semihost.a(_cr_sbrk.o)
 .debug_loc     0x00002ddf      0xa64 c:/labsoft/ee2024/lpcxpresso_6.1.4_194/lpcxpresso/tools/bin/../lib/gcc/arm-none-eabi/4.6.2/../../../../arm-none-eabi/lib/armv7-m\libcr_newlib_semihost.a(syscalls.o)
 .debug_loc     0x00003843       0x29 c:/labsoft/ee2024/lpcxpresso_6.1.4_194/lpcxpresso/tools/bin/../lib/gcc/arm-none-eabi/4.6.2/../../../../arm-none-eabi/lib/armv7-m\libcr_newlib_semihost.a(_cr_check_heap.o)

.debug_aranges  0x00000000      0x970
 .debug_aranges
                0x00000000       0x70 ./src/cr_startup_lpc17.o
 .debug_aranges
                0x00000070      0x100 ./src/main.o
 .debug_aranges
                0x00000170       0x28 D:\MyWork\ASTQ2\Lib_CMSISv1p30_LPC17xx\Debug\libCMSISv1p30_LPC17xx.a(system_LPC17xx.o)
 .debug_aranges
                0x00000198       0x60 D:\MyWork\ASTQ2\Lib_EaBaseBoard\Debug\libLib_EaBaseBoard.a(acc.o)
 .debug_aranges
                0x000001f8       0x28 D:\MyWork\ASTQ2\Lib_EaBaseBoard\Debug\libLib_EaBaseBoard.a(led7seg.o)
 .debug_aranges
                0x00000220       0x98 D:\MyWork\ASTQ2\Lib_EaBaseBoard\Debug\libLib_EaBaseBoard.a(light.o)
 .debug_aranges
                0x000002b8       0x90 D:\MyWork\ASTQ2\Lib_EaBaseBoard\Debug\libLib_EaBaseBoard.a(oled.o)
 .debug_aranges
                0x00000348       0x80 D:\MyWork\ASTQ2\Lib_EaBaseBoard\Debug\libLib_EaBaseBoard.a(pca9532.o)
 .debug_aranges
                0x000003c8       0x28 D:\MyWork\ASTQ2\Lib_EaBaseBoard\Debug\libLib_EaBaseBoard.a(rgb.o)
 .debug_aranges
                0x000003f0       0x28 D:\MyWork\ASTQ2\Lib_EaBaseBoard\Debug\libLib_EaBaseBoard.a(temp.o)
 .debug_aranges
                0x00000418       0xc8 D:\MyWork\ASTQ2\Lib_MCU\Debug\libLib_MCU.a(lpc17xx_gpio.o)
 .debug_aranges
                0x000004e0       0xd0 D:\MyWork\ASTQ2\Lib_MCU\Debug\libLib_MCU.a(lpc17xx_i2c.o)
 .debug_aranges
                0x000005b0       0x48 D:\MyWork\ASTQ2\Lib_MCU\Debug\libLib_MCU.a(lpc17xx_pinsel.o)
 .debug_aranges
                0x000005f8       0xb8 D:\MyWork\ASTQ2\Lib_MCU\Debug\libLib_MCU.a(lpc17xx_ssp.o)
 .debug_aranges
                0x000006b0      0x130 D:\MyWork\ASTQ2\Lib_MCU\Debug\libLib_MCU.a(lpc17xx_uart.o)
 .debug_aranges
                0x000007e0       0x60 D:\MyWork\ASTQ2\Lib_MCU\Debug\libLib_MCU.a(lpc17xx_clkpwr.o)
 .debug_aranges
                0x00000840       0x20 c:/labsoft/ee2024/lpcxpresso_6.1.4_194/lpcxpresso/tools/bin/../lib/gcc/arm-none-eabi/4.6.2/../../../../arm-none-eabi/lib/armv7-m\libcr_newlib_semihost.a(_cr_sbrk.o)
 .debug_aranges
                0x00000860       0xf0 c:/labsoft/ee2024/lpcxpresso_6.1.4_194/lpcxpresso/tools/bin/../lib/gcc/arm-none-eabi/4.6.2/../../../../arm-none-eabi/lib/armv7-m\libcr_newlib_semihost.a(syscalls.o)
 .debug_aranges
                0x00000950       0x20 c:/labsoft/ee2024/lpcxpresso_6.1.4_194/lpcxpresso/tools/bin/../lib/gcc/arm-none-eabi/4.6.2/../../../../arm-none-eabi/lib/armv7-m\libcr_newlib_semihost.a(_cr_check_heap.o)

.debug_ranges   0x00000000      0x8a0
 .debug_ranges  0x00000000       0x60 ./src/cr_startup_lpc17.o
 .debug_ranges  0x00000060       0xf0 ./src/main.o
 .debug_ranges  0x00000150       0x18 D:\MyWork\ASTQ2\Lib_CMSISv1p30_LPC17xx\Debug\libCMSISv1p30_LPC17xx.a(system_LPC17xx.o)
 .debug_ranges  0x00000168       0x50 D:\MyWork\ASTQ2\Lib_EaBaseBoard\Debug\libLib_EaBaseBoard.a(acc.o)
 .debug_ranges  0x000001b8       0x18 D:\MyWork\ASTQ2\Lib_EaBaseBoard\Debug\libLib_EaBaseBoard.a(led7seg.o)
 .debug_ranges  0x000001d0       0x88 D:\MyWork\ASTQ2\Lib_EaBaseBoard\Debug\libLib_EaBaseBoard.a(light.o)
 .debug_ranges  0x00000258       0x80 D:\MyWork\ASTQ2\Lib_EaBaseBoard\Debug\libLib_EaBaseBoard.a(oled.o)
 .debug_ranges  0x000002d8       0x70 D:\MyWork\ASTQ2\Lib_EaBaseBoard\Debug\libLib_EaBaseBoard.a(pca9532.o)
 .debug_ranges  0x00000348       0x18 D:\MyWork\ASTQ2\Lib_EaBaseBoard\Debug\libLib_EaBaseBoard.a(rgb.o)
 .debug_ranges  0x00000360       0x18 D:\MyWork\ASTQ2\Lib_EaBaseBoard\Debug\libLib_EaBaseBoard.a(temp.o)
 .debug_ranges  0x00000378       0xb8 D:\MyWork\ASTQ2\Lib_MCU\Debug\libLib_MCU.a(lpc17xx_gpio.o)
 .debug_ranges  0x00000430       0xc0 D:\MyWork\ASTQ2\Lib_MCU\Debug\libLib_MCU.a(lpc17xx_i2c.o)
 .debug_ranges  0x000004f0       0x38 D:\MyWork\ASTQ2\Lib_MCU\Debug\libLib_MCU.a(lpc17xx_pinsel.o)
 .debug_ranges  0x00000528       0xa8 D:\MyWork\ASTQ2\Lib_MCU\Debug\libLib_MCU.a(lpc17xx_ssp.o)
 .debug_ranges  0x000005d0      0x120 D:\MyWork\ASTQ2\Lib_MCU\Debug\libLib_MCU.a(lpc17xx_uart.o)
 .debug_ranges  0x000006f0       0x50 D:\MyWork\ASTQ2\Lib_MCU\Debug\libLib_MCU.a(lpc17xx_clkpwr.o)
 .debug_ranges  0x00000740       0x10 c:/labsoft/ee2024/lpcxpresso_6.1.4_194/lpcxpresso/tools/bin/../lib/gcc/arm-none-eabi/4.6.2/../../../../arm-none-eabi/lib/armv7-m\libcr_newlib_semihost.a(_cr_sbrk.o)
 .debug_ranges  0x00000750      0x140 c:/labsoft/ee2024/lpcxpresso_6.1.4_194/lpcxpresso/tools/bin/../lib/gcc/arm-none-eabi/4.6.2/../../../../arm-none-eabi/lib/armv7-m\libcr_newlib_semihost.a(syscalls.o)
 .debug_ranges  0x00000890       0x10 c:/labsoft/ee2024/lpcxpresso_6.1.4_194/lpcxpresso/tools/bin/../lib/gcc/arm-none-eabi/4.6.2/../../../../arm-none-eabi/lib/armv7-m\libcr_newlib_semihost.a(_cr_check_heap.o)

.debug_line     0x00000000     0x63fe
 .debug_line    0x00000000      0x377 ./src/cr_startup_lpc17.o
 .debug_line    0x00000377      0x7b7 ./src/main.o
 .debug_line    0x00000b2e      0x423 D:\MyWork\ASTQ2\Lib_CMSISv1p30_LPC17xx\Debug\libCMSISv1p30_LPC17xx.a(system_LPC17xx.o)
 .debug_line    0x00000f51      0x4c2 D:\MyWork\ASTQ2\Lib_EaBaseBoard\Debug\libLib_EaBaseBoard.a(acc.o)
 .debug_line    0x00001413      0x43d D:\MyWork\ASTQ2\Lib_EaBaseBoard\Debug\libLib_EaBaseBoard.a(led7seg.o)
 .debug_line    0x00001850      0x56e D:\MyWork\ASTQ2\Lib_EaBaseBoard\Debug\libLib_EaBaseBoard.a(light.o)
 .debug_line    0x00001dbe      0x747 D:\MyWork\ASTQ2\Lib_EaBaseBoard\Debug\libLib_EaBaseBoard.a(oled.o)
 .debug_line    0x00002505      0x559 D:\MyWork\ASTQ2\Lib_EaBaseBoard\Debug\libLib_EaBaseBoard.a(pca9532.o)
 .debug_line    0x00002a5e      0x419 D:\MyWork\ASTQ2\Lib_EaBaseBoard\Debug\libLib_EaBaseBoard.a(rgb.o)
 .debug_line    0x00002e77      0x43b D:\MyWork\ASTQ2\Lib_EaBaseBoard\Debug\libLib_EaBaseBoard.a(temp.o)
 .debug_line    0x000032b2       0x65 D:\MyWork\ASTQ2\Lib_EaBaseBoard\Debug\libLib_EaBaseBoard.a(font5x7.o)
 .debug_line    0x00003317      0x5db D:\MyWork\ASTQ2\Lib_MCU\Debug\libLib_MCU.a(lpc17xx_gpio.o)
 .debug_line    0x000038f2      0x8f6 D:\MyWork\ASTQ2\Lib_MCU\Debug\libLib_MCU.a(lpc17xx_i2c.o)
 .debug_line    0x000041e8      0x45a D:\MyWork\ASTQ2\Lib_MCU\Debug\libLib_MCU.a(lpc17xx_pinsel.o)
 .debug_line    0x00004642      0x829 D:\MyWork\ASTQ2\Lib_MCU\Debug\libLib_MCU.a(lpc17xx_ssp.o)
 .debug_line    0x00004e6b      0xb75 D:\MyWork\ASTQ2\Lib_MCU\Debug\libLib_MCU.a(lpc17xx_uart.o)
 .debug_line    0x000059e0      0x4bb D:\MyWork\ASTQ2\Lib_MCU\Debug\libLib_MCU.a(lpc17xx_clkpwr.o)
 .debug_line    0x00005e9b       0xc0 c:/labsoft/ee2024/lpcxpresso_6.1.4_194/lpcxpresso/tools/bin/../lib/gcc/arm-none-eabi/4.6.2/../../../../arm-none-eabi/lib/armv7-m\libcr_newlib_semihost.a(_cr_sbrk.o)
 .debug_line    0x00005f5b      0x44f c:/labsoft/ee2024/lpcxpresso_6.1.4_194/lpcxpresso/tools/bin/../lib/gcc/arm-none-eabi/4.6.2/../../../../arm-none-eabi/lib/armv7-m\libcr_newlib_semihost.a(syscalls.o)
 .debug_line    0x000063aa       0x54 c:/labsoft/ee2024/lpcxpresso_6.1.4_194/lpcxpresso/tools/bin/../lib/gcc/arm-none-eabi/4.6.2/../../../../arm-none-eabi/lib/armv7-m\libcr_newlib_semihost.a(_cr_check_heap.o)

.debug_macinfo  0x00000000    0x92d2f
 .debug_macinfo
                0x00000000     0x2c15 ./src/cr_startup_lpc17.o
 .debug_macinfo
                0x00002c15     0xb7c7 ./src/main.o
 .debug_macinfo
                0x0000e3dc     0x83f8 D:\MyWork\ASTQ2\Lib_CMSISv1p30_LPC17xx\Debug\libCMSISv1p30_LPC17xx.a(system_LPC17xx.o)
 .debug_macinfo
                0x000167d4     0x8f1b D:\MyWork\ASTQ2\Lib_EaBaseBoard\Debug\libLib_EaBaseBoard.a(acc.o)
 .debug_macinfo
                0x0001f6ef     0x96a3 D:\MyWork\ASTQ2\Lib_EaBaseBoard\Debug\libLib_EaBaseBoard.a(led7seg.o)
 .debug_macinfo
                0x00028d92     0x8e3a D:\MyWork\ASTQ2\Lib_EaBaseBoard\Debug\libLib_EaBaseBoard.a(light.o)
 .debug_macinfo
                0x00031bcc     0xa143 D:\MyWork\ASTQ2\Lib_EaBaseBoard\Debug\libLib_EaBaseBoard.a(oled.o)
 .debug_macinfo
                0x0003bd0f     0x8e59 D:\MyWork\ASTQ2\Lib_EaBaseBoard\Debug\libLib_EaBaseBoard.a(pca9532.o)
 .debug_macinfo
                0x00044b68     0x854c D:\MyWork\ASTQ2\Lib_EaBaseBoard\Debug\libLib_EaBaseBoard.a(rgb.o)
 .debug_macinfo
                0x0004d0b4     0x85e6 D:\MyWork\ASTQ2\Lib_EaBaseBoard\Debug\libLib_EaBaseBoard.a(temp.o)
 .debug_macinfo
                0x0005569a     0x332a D:\MyWork\ASTQ2\Lib_EaBaseBoard\Debug\libLib_EaBaseBoard.a(font5x7.o)
 .debug_macinfo
                0x000589c4     0x86b8 D:\MyWork\ASTQ2\Lib_MCU\Debug\libLib_MCU.a(lpc17xx_gpio.o)
 .debug_macinfo
                0x0006107c     0xa5d8 D:\MyWork\ASTQ2\Lib_MCU\Debug\libLib_MCU.a(lpc17xx_i2c.o)
 .debug_macinfo
                0x0006b654     0x87d3 D:\MyWork\ASTQ2\Lib_MCU\Debug\libLib_MCU.a(lpc17xx_pinsel.o)
 .debug_macinfo
                0x00073e27     0xa8d0 D:\MyWork\ASTQ2\Lib_MCU\Debug\libLib_MCU.a(lpc17xx_ssp.o)
 .debug_macinfo
                0x0007e6f7     0xb03f D:\MyWork\ASTQ2\Lib_MCU\Debug\libLib_MCU.a(lpc17xx_uart.o)
 .debug_macinfo
                0x00089736     0x95f9 D:\MyWork\ASTQ2\Lib_MCU\Debug\libLib_MCU.a(lpc17xx_clkpwr.o)

.debug_str      0x00000000     0x2c77
 .debug_str     0x00000000      0x1a6 ./src/cr_startup_lpc17.o
                                0x1e0 (size before relaxing)
 .debug_str     0x000001a6      0xacd ./src/main.o
                                0xc04 (size before relaxing)
 .debug_str     0x00000c73       0xa6 D:\MyWork\ASTQ2\Lib_CMSISv1p30_LPC17xx\Debug\libCMSISv1p30_LPC17xx.a(system_LPC17xx.o)
                                0x2b8 (size before relaxing)
 .debug_str     0x00000d19      0x1fc D:\MyWork\ASTQ2\Lib_EaBaseBoard\Debug\libLib_EaBaseBoard.a(acc.o)
                                0x37b (size before relaxing)
 .debug_str     0x00000f15       0x95 D:\MyWork\ASTQ2\Lib_EaBaseBoard\Debug\libLib_EaBaseBoard.a(led7seg.o)
                                0x1e7 (size before relaxing)
 .debug_str     0x00000faa      0x24a D:\MyWork\ASTQ2\Lib_EaBaseBoard\Debug\libLib_EaBaseBoard.a(light.o)
                                0x4e0 (size before relaxing)
 .debug_str     0x000011f4      0x1a9 D:\MyWork\ASTQ2\Lib_EaBaseBoard\Debug\libLib_EaBaseBoard.a(oled.o)
                                0x398 (size before relaxing)
 .debug_str     0x0000139d      0x136 D:\MyWork\ASTQ2\Lib_EaBaseBoard\Debug\libLib_EaBaseBoard.a(pca9532.o)
                                0x3d2 (size before relaxing)
 .debug_str     0x000014d3       0x22 D:\MyWork\ASTQ2\Lib_EaBaseBoard\Debug\libLib_EaBaseBoard.a(rgb.o)
                                0x12c (size before relaxing)
 .debug_str     0x000014f5       0x2d D:\MyWork\ASTQ2\Lib_EaBaseBoard\Debug\libLib_EaBaseBoard.a(temp.o)
                                0x14f (size before relaxing)
 .debug_str     0x00001522       0x11 D:\MyWork\ASTQ2\Lib_EaBaseBoard\Debug\libLib_EaBaseBoard.a(font5x7.o)
                                 0xa3 (size before relaxing)
 .debug_str     0x00001533      0x35c D:\MyWork\ASTQ2\Lib_MCU\Debug\libLib_MCU.a(lpc17xx_gpio.o)
                                0x454 (size before relaxing)
 .debug_str     0x0000188f      0x304 D:\MyWork\ASTQ2\Lib_MCU\Debug\libLib_MCU.a(lpc17xx_i2c.o)
                                0x7ea (size before relaxing)
 .debug_str     0x00001b93      0x108 D:\MyWork\ASTQ2\Lib_MCU\Debug\libLib_MCU.a(lpc17xx_pinsel.o)
                                0x389 (size before relaxing)
 .debug_str     0x00001c9b      0x204 D:\MyWork\ASTQ2\Lib_MCU\Debug\libLib_MCU.a(lpc17xx_ssp.o)
                                0x467 (size before relaxing)
 .debug_str     0x00001e9f      0x939 D:\MyWork\ASTQ2\Lib_MCU\Debug\libLib_MCU.a(lpc17xx_uart.o)
                                0xc3d (size before relaxing)
 .debug_str     0x000027d8       0xcb D:\MyWork\ASTQ2\Lib_MCU\Debug\libLib_MCU.a(lpc17xx_clkpwr.o)
                                0x385 (size before relaxing)
 .debug_str     0x000028a3       0xbc c:/labsoft/ee2024/lpcxpresso_6.1.4_194/lpcxpresso/tools/bin/../lib/gcc/arm-none-eabi/4.6.2/../../../../arm-none-eabi/lib/armv7-m\libcr_newlib_semihost.a(_cr_sbrk.o)
                                0x145 (size before relaxing)
 .debug_str     0x0000295f      0x2dd c:/labsoft/ee2024/lpcxpresso_6.1.4_194/lpcxpresso/tools/bin/../lib/gcc/arm-none-eabi/4.6.2/../../../../arm-none-eabi/lib/armv7-m\libcr_newlib_semihost.a(syscalls.o)
                                0x40b (size before relaxing)
 .debug_str     0x00002c3c       0x3b c:/labsoft/ee2024/lpcxpresso_6.1.4_194/lpcxpresso/tools/bin/../lib/gcc/arm-none-eabi/4.6.2/../../../../arm-none-eabi/lib/armv7-m\libcr_newlib_semihost.a(_cr_check_heap.o)
                                 0xd1 (size before relaxing)

.comment        0x00000000       0x9a
 .comment       0x00000000       0x70 ./src/cr_startup_lpc17.o
                                 0x71 (size before relaxing)
 .comment       0x00000000       0x71 ./src/main.o
 .comment       0x00000000       0x71 D:\MyWork\ASTQ2\Lib_CMSISv1p30_LPC17xx\Debug\libCMSISv1p30_LPC17xx.a(system_LPC17xx.o)
 .comment       0x00000000       0x71 D:\MyWork\ASTQ2\Lib_EaBaseBoard\Debug\libLib_EaBaseBoard.a(acc.o)
 .comment       0x00000000       0x71 D:\MyWork\ASTQ2\Lib_EaBaseBoard\Debug\libLib_EaBaseBoard.a(led7seg.o)
 .comment       0x00000000       0x71 D:\MyWork\ASTQ2\Lib_EaBaseBoard\Debug\libLib_EaBaseBoard.a(light.o)
 .comment       0x00000000       0x71 D:\MyWork\ASTQ2\Lib_EaBaseBoard\Debug\libLib_EaBaseBoard.a(oled.o)
 .comment       0x00000000       0x71 D:\MyWork\ASTQ2\Lib_EaBaseBoard\Debug\libLib_EaBaseBoard.a(pca9532.o)
 .comment       0x00000000       0x71 D:\MyWork\ASTQ2\Lib_EaBaseBoard\Debug\libLib_EaBaseBoard.a(rgb.o)
 .comment       0x00000000       0x71 D:\MyWork\ASTQ2\Lib_EaBaseBoard\Debug\libLib_EaBaseBoard.a(temp.o)
 .comment       0x00000000       0x71 D:\MyWork\ASTQ2\Lib_EaBaseBoard\Debug\libLib_EaBaseBoard.a(font5x7.o)
 .comment       0x00000000       0x71 D:\MyWork\ASTQ2\Lib_MCU\Debug\libLib_MCU.a(lpc17xx_gpio.o)
 .comment       0x00000000       0x71 D:\MyWork\ASTQ2\Lib_MCU\Debug\libLib_MCU.a(lpc17xx_i2c.o)
 .comment       0x00000000       0x71 D:\MyWork\ASTQ2\Lib_MCU\Debug\libLib_MCU.a(lpc17xx_pinsel.o)
 .comment       0x00000000       0x71 D:\MyWork\ASTQ2\Lib_MCU\Debug\libLib_MCU.a(lpc17xx_ssp.o)
 .comment       0x00000000       0x71 D:\MyWork\ASTQ2\Lib_MCU\Debug\libLib_MCU.a(lpc17xx_uart.o)
 .comment       0x00000000       0x71 D:\MyWork\ASTQ2\Lib_MCU\Debug\libLib_MCU.a(lpc17xx_clkpwr.o)
 .comment       0x00000070       0x2a c:/labsoft/ee2024/lpcxpresso_6.1.4_194/lpcxpresso/tools/bin/../lib/gcc/arm-none-eabi/4.6.2/../../../../arm-none-eabi/lib/armv7-m\libcr_newlib_semihost.a(_cr_sbrk.o)
                                 0x2b (size before relaxing)
 .comment       0x00000000       0x2b c:/labsoft/ee2024/lpcxpresso_6.1.4_194/lpcxpresso/tools/bin/../lib/gcc/arm-none-eabi/4.6.2/../../../../arm-none-eabi/lib/armv7-m\libcr_newlib_semihost.a(syscalls.o)
 .comment       0x00000000       0x2b c:/labsoft/ee2024/lpcxpresso_6.1.4_194/lpcxpresso/tools/bin/../lib/gcc/arm-none-eabi/4.6.2/../../../../arm-none-eabi/lib/armv7-m\libcr_newlib_semihost.a(_cr_check_heap.o)

.ARM.attributes
                0x00000000       0x33
 .ARM.attributes
                0x00000000       0x33 ./src/cr_startup_lpc17.o
 .ARM.attributes
                0x00000033       0x33 ./src/main.o
 .ARM.attributes
                0x00000066       0x33 D:\MyWork\ASTQ2\Lib_CMSISv1p30_LPC17xx\Debug\libCMSISv1p30_LPC17xx.a(system_LPC17xx.o)
 .ARM.attributes
                0x00000099       0x33 D:\MyWork\ASTQ2\Lib_EaBaseBoard\Debug\libLib_EaBaseBoard.a(acc.o)
 .ARM.attributes
                0x000000cc       0x33 D:\MyWork\ASTQ2\Lib_EaBaseBoard\Debug\libLib_EaBaseBoard.a(led7seg.o)
 .ARM.attributes
                0x000000ff       0x33 D:\MyWork\ASTQ2\Lib_EaBaseBoard\Debug\libLib_EaBaseBoard.a(light.o)
 .ARM.attributes
                0x00000132       0x33 D:\MyWork\ASTQ2\Lib_EaBaseBoard\Debug\libLib_EaBaseBoard.a(oled.o)
 .ARM.attributes
                0x00000165       0x33 D:\MyWork\ASTQ2\Lib_EaBaseBoard\Debug\libLib_EaBaseBoard.a(pca9532.o)
 .ARM.attributes
                0x00000198       0x33 D:\MyWork\ASTQ2\Lib_EaBaseBoard\Debug\libLib_EaBaseBoard.a(rgb.o)
 .ARM.attributes
                0x000001cb       0x33 D:\MyWork\ASTQ2\Lib_EaBaseBoard\Debug\libLib_EaBaseBoard.a(temp.o)
 .ARM.attributes
                0x000001fe       0x33 D:\MyWork\ASTQ2\Lib_EaBaseBoard\Debug\libLib_EaBaseBoard.a(font5x7.o)
 .ARM.attributes
                0x00000231       0x33 D:\MyWork\ASTQ2\Lib_MCU\Debug\libLib_MCU.a(lpc17xx_gpio.o)
 .ARM.attributes
                0x00000264       0x33 D:\MyWork\ASTQ2\Lib_MCU\Debug\libLib_MCU.a(lpc17xx_i2c.o)
 .ARM.attributes
                0x00000297       0x33 D:\MyWork\ASTQ2\Lib_MCU\Debug\libLib_MCU.a(lpc17xx_pinsel.o)
 .ARM.attributes
                0x000002ca       0x33 D:\MyWork\ASTQ2\Lib_MCU\Debug\libLib_MCU.a(lpc17xx_ssp.o)
 .ARM.attributes
                0x000002fd       0x33 D:\MyWork\ASTQ2\Lib_MCU\Debug\libLib_MCU.a(lpc17xx_uart.o)
 .ARM.attributes
                0x00000330       0x33 D:\MyWork\ASTQ2\Lib_MCU\Debug\libLib_MCU.a(lpc17xx_clkpwr.o)
 .ARM.attributes
                0x00000363       0x1d c:/labsoft/ee2024/lpcxpresso_6.1.4_194/lpcxpresso/tools/bin/../lib/gcc/arm-none-eabi/4.6.2/armv7-m\libgcc.a(_arm_addsubdf3.o)
 .ARM.attributes
                0x00000380       0x1d c:/labsoft/ee2024/lpcxpresso_6.1.4_194/lpcxpresso/tools/bin/../lib/gcc/arm-none-eabi/4.6.2/armv7-m\libgcc.a(_arm_muldivdf3.o)
 .ARM.attributes
                0x0000039d       0x1d c:/labsoft/ee2024/lpcxpresso_6.1.4_194/lpcxpresso/tools/bin/../lib/gcc/arm-none-eabi/4.6.2/armv7-m\libgcc.a(_aeabi_uldivmod.o)
 .ARM.attributes
                0x000003ba       0x2d c:/labsoft/ee2024/lpcxpresso_6.1.4_194/lpcxpresso/tools/bin/../lib/gcc/arm-none-eabi/4.6.2/armv7-m\libgcc.a(bpabi.o)
 .ARM.attributes
                0x000003e7       0x1d c:/labsoft/ee2024/lpcxpresso_6.1.4_194/lpcxpresso/tools/bin/../lib/gcc/arm-none-eabi/4.6.2/armv7-m\libgcc.a(_dvmd_tls.o)
 .ARM.attributes
                0x00000404       0x2d c:/labsoft/ee2024/lpcxpresso_6.1.4_194/lpcxpresso/tools/bin/../lib/gcc/arm-none-eabi/4.6.2/armv7-m\libgcc.a(_divdi3.o)
 .ARM.attributes
                0x00000431       0x2d c:/labsoft/ee2024/lpcxpresso_6.1.4_194/lpcxpresso/tools/bin/../lib/gcc/arm-none-eabi/4.6.2/armv7-m\libgcc.a(_udivdi3.o)
 .ARM.attributes
                0x0000045e       0x2d c:/labsoft/ee2024/lpcxpresso_6.1.4_194/lpcxpresso/tools/bin/../lib/gcc/arm-none-eabi/4.6.2/../../../../arm-none-eabi/lib/armv7-m\libc.a(lib_a-memcpy.o)
 .ARM.attributes
                0x0000048b       0x2d c:/labsoft/ee2024/lpcxpresso_6.1.4_194/lpcxpresso/tools/bin/../lib/gcc/arm-none-eabi/4.6.2/../../../../arm-none-eabi/lib/armv7-m\libc.a(lib_a-memset.o)
 .ARM.attributes
                0x000004b8       0x2d c:/labsoft/ee2024/lpcxpresso_6.1.4_194/lpcxpresso/tools/bin/../lib/gcc/arm-none-eabi/4.6.2/../../../../arm-none-eabi/lib/armv7-m\libc.a(lib_a-printf.o)
 .ARM.attributes
                0x000004e5       0x2d c:/labsoft/ee2024/lpcxpresso_6.1.4_194/lpcxpresso/tools/bin/../lib/gcc/arm-none-eabi/4.6.2/../../../../arm-none-eabi/lib/armv7-m\libc.a(lib_a-sprintf.o)
 .ARM.attributes
                0x00000512       0x2d c:/labsoft/ee2024/lpcxpresso_6.1.4_194/lpcxpresso/tools/bin/../lib/gcc/arm-none-eabi/4.6.2/../../../../arm-none-eabi/lib/armv7-m\libc.a(lib_a-strlen.o)
 .ARM.attributes
                0x0000053f       0x2d c:/labsoft/ee2024/lpcxpresso_6.1.4_194/lpcxpresso/tools/bin/../lib/gcc/arm-none-eabi/4.6.2/../../../../arm-none-eabi/lib/armv7-m\libc.a(lib_a-svfprintf.o)
 .ARM.attributes
                0x0000056c       0x2d c:/labsoft/ee2024/lpcxpresso_6.1.4_194/lpcxpresso/tools/bin/../lib/gcc/arm-none-eabi/4.6.2/../../../../arm-none-eabi/lib/armv7-m\libc.a(lib_a-vfprintf.o)
 .ARM.attributes
                0x00000599       0x2d c:/labsoft/ee2024/lpcxpresso_6.1.4_194/lpcxpresso/tools/bin/../lib/gcc/arm-none-eabi/4.6.2/../../../../arm-none-eabi/lib/armv7-m\libc.a(lib_a-wsetup.o)
 .ARM.attributes
                0x000005c6       0x2d c:/labsoft/ee2024/lpcxpresso_6.1.4_194/lpcxpresso/tools/bin/../lib/gcc/arm-none-eabi/4.6.2/../../../../arm-none-eabi/lib/armv7-m\libc.a(lib_a-dtoa.o)
 .ARM.attributes
                0x000005f3       0x2d c:/labsoft/ee2024/lpcxpresso_6.1.4_194/lpcxpresso/tools/bin/../lib/gcc/arm-none-eabi/4.6.2/../../../../arm-none-eabi/lib/armv7-m\libc.a(lib_a-fflush.o)
 .ARM.attributes
                0x00000620       0x2d c:/labsoft/ee2024/lpcxpresso_6.1.4_194/lpcxpresso/tools/bin/../lib/gcc/arm-none-eabi/4.6.2/../../../../arm-none-eabi/lib/armv7-m\libc.a(lib_a-findfp.o)
 .ARM.attributes
                0x0000064d       0x2d c:/labsoft/ee2024/lpcxpresso_6.1.4_194/lpcxpresso/tools/bin/../lib/gcc/arm-none-eabi/4.6.2/../../../../arm-none-eabi/lib/armv7-m\libc.a(lib_a-freer.o)
 .ARM.attributes
                0x0000067a       0x2d c:/labsoft/ee2024/lpcxpresso_6.1.4_194/lpcxpresso/tools/bin/../lib/gcc/arm-none-eabi/4.6.2/../../../../arm-none-eabi/lib/armv7-m\libc.a(lib_a-fwalk.o)
 .ARM.attributes
                0x000006a7       0x2d c:/labsoft/ee2024/lpcxpresso_6.1.4_194/lpcxpresso/tools/bin/../lib/gcc/arm-none-eabi/4.6.2/../../../../arm-none-eabi/lib/armv7-m\libc.a(lib_a-impure.o)
 .ARM.attributes
                0x000006d4       0x2d c:/labsoft/ee2024/lpcxpresso_6.1.4_194/lpcxpresso/tools/bin/../lib/gcc/arm-none-eabi/4.6.2/../../../../arm-none-eabi/lib/armv7-m\libc.a(lib_a-locale.o)
 .ARM.attributes
                0x00000701       0x2d c:/labsoft/ee2024/lpcxpresso_6.1.4_194/lpcxpresso/tools/bin/../lib/gcc/arm-none-eabi/4.6.2/../../../../arm-none-eabi/lib/armv7-m\libc.a(lib_a-makebuf.o)
 .ARM.attributes
                0x0000072e       0x2d c:/labsoft/ee2024/lpcxpresso_6.1.4_194/lpcxpresso/tools/bin/../lib/gcc/arm-none-eabi/4.6.2/../../../../arm-none-eabi/lib/armv7-m\libc.a(lib_a-mallocr.o)
 .ARM.attributes
                0x0000075b       0x2d c:/labsoft/ee2024/lpcxpresso_6.1.4_194/lpcxpresso/tools/bin/../lib/gcc/arm-none-eabi/4.6.2/../../../../arm-none-eabi/lib/armv7-m\libc.a(lib_a-memchr.o)
 .ARM.attributes
                0x00000788       0x2d c:/labsoft/ee2024/lpcxpresso_6.1.4_194/lpcxpresso/tools/bin/../lib/gcc/arm-none-eabi/4.6.2/../../../../arm-none-eabi/lib/armv7-m\libc.a(lib_a-mlock.o)
 .ARM.attributes
                0x000007b5       0x2d c:/labsoft/ee2024/lpcxpresso_6.1.4_194/lpcxpresso/tools/bin/../lib/gcc/arm-none-eabi/4.6.2/../../../../arm-none-eabi/lib/armv7-m\libc.a(lib_a-mprec.o)
 .ARM.attributes
                0x000007e2       0x2d c:/labsoft/ee2024/lpcxpresso_6.1.4_194/lpcxpresso/tools/bin/../lib/gcc/arm-none-eabi/4.6.2/../../../../arm-none-eabi/lib/armv7-m\libc.a(lib_a-s_fpclassify.o)
 .ARM.attributes
                0x0000080f       0x2d c:/labsoft/ee2024/lpcxpresso_6.1.4_194/lpcxpresso/tools/bin/../lib/gcc/arm-none-eabi/4.6.2/../../../../arm-none-eabi/lib/armv7-m\libc.a(lib_a-sbrkr.o)
 .ARM.attributes
                0x0000083c       0x2d c:/labsoft/ee2024/lpcxpresso_6.1.4_194/lpcxpresso/tools/bin/../lib/gcc/arm-none-eabi/4.6.2/../../../../arm-none-eabi/lib/armv7-m\libc.a(lib_a-stdio.o)
 .ARM.attributes
                0x00000869       0x2d c:/labsoft/ee2024/lpcxpresso_6.1.4_194/lpcxpresso/tools/bin/../lib/gcc/arm-none-eabi/4.6.2/../../../../arm-none-eabi/lib/armv7-m\libc.a(lib_a-strcmp.o)
 .ARM.attributes
                0x00000896       0x2d c:/labsoft/ee2024/lpcxpresso_6.1.4_194/lpcxpresso/tools/bin/../lib/gcc/arm-none-eabi/4.6.2/../../../../arm-none-eabi/lib/armv7-m\libc.a(lib_a-svfiprintf.o)
 .ARM.attributes
                0x000008c3       0x2d c:/labsoft/ee2024/lpcxpresso_6.1.4_194/lpcxpresso/tools/bin/../lib/gcc/arm-none-eabi/4.6.2/../../../../arm-none-eabi/lib/armv7-m\libc.a(lib_a-vfiprintf.o)
 .ARM.attributes
                0x000008f0       0x2d c:/labsoft/ee2024/lpcxpresso_6.1.4_194/lpcxpresso/tools/bin/../lib/gcc/arm-none-eabi/4.6.2/../../../../arm-none-eabi/lib/armv7-m\libc.a(lib_a-writer.o)
 .ARM.attributes
                0x0000091d       0x2d c:/labsoft/ee2024/lpcxpresso_6.1.4_194/lpcxpresso/tools/bin/../lib/gcc/arm-none-eabi/4.6.2/../../../../arm-none-eabi/lib/armv7-m\libc.a(lib_a-callocr.o)
 .ARM.attributes
                0x0000094a       0x2d c:/labsoft/ee2024/lpcxpresso_6.1.4_194/lpcxpresso/tools/bin/../lib/gcc/arm-none-eabi/4.6.2/../../../../arm-none-eabi/lib/armv7-m\libc.a(lib_a-closer.o)
 .ARM.attributes
                0x00000977       0x2d c:/labsoft/ee2024/lpcxpresso_6.1.4_194/lpcxpresso/tools/bin/../lib/gcc/arm-none-eabi/4.6.2/../../../../arm-none-eabi/lib/armv7-m\libc.a(lib_a-fclose.o)
 .ARM.attributes
                0x000009a4       0x2d c:/labsoft/ee2024/lpcxpresso_6.1.4_194/lpcxpresso/tools/bin/../lib/gcc/arm-none-eabi/4.6.2/../../../../arm-none-eabi/lib/armv7-m\libc.a(lib_a-fputwc.o)
 .ARM.attributes
                0x000009d1       0x2d c:/labsoft/ee2024/lpcxpresso_6.1.4_194/lpcxpresso/tools/bin/../lib/gcc/arm-none-eabi/4.6.2/../../../../arm-none-eabi/lib/armv7-m\libc.a(lib_a-fstatr.o)
 .ARM.attributes
                0x000009fe       0x2d c:/labsoft/ee2024/lpcxpresso_6.1.4_194/lpcxpresso/tools/bin/../lib/gcc/arm-none-eabi/4.6.2/../../../../arm-none-eabi/lib/armv7-m\libc.a(lib_a-fvwrite.o)
 .ARM.attributes
                0x00000a2b       0x2d c:/labsoft/ee2024/lpcxpresso_6.1.4_194/lpcxpresso/tools/bin/../lib/gcc/arm-none-eabi/4.6.2/../../../../arm-none-eabi/lib/armv7-m\libc.a(lib_a-isattyr.o)
 .ARM.attributes
                0x00000a58       0x2d c:/labsoft/ee2024/lpcxpresso_6.1.4_194/lpcxpresso/tools/bin/../lib/gcc/arm-none-eabi/4.6.2/../../../../arm-none-eabi/lib/armv7-m\libc.a(lib_a-lseekr.o)
 .ARM.attributes
                0x00000a85       0x2d c:/labsoft/ee2024/lpcxpresso_6.1.4_194/lpcxpresso/tools/bin/../lib/gcc/arm-none-eabi/4.6.2/../../../../arm-none-eabi/lib/armv7-m\libc.a(lib_a-memmove.o)
 .ARM.attributes
                0x00000ab2       0x2d c:/labsoft/ee2024/lpcxpresso_6.1.4_194/lpcxpresso/tools/bin/../lib/gcc/arm-none-eabi/4.6.2/../../../../arm-none-eabi/lib/armv7-m\libc.a(lib_a-readr.o)
 .ARM.attributes
                0x00000adf       0x2d c:/labsoft/ee2024/lpcxpresso_6.1.4_194/lpcxpresso/tools/bin/../lib/gcc/arm-none-eabi/4.6.2/../../../../arm-none-eabi/lib/armv7-m\libc.a(lib_a-reallocr.o)
 .ARM.attributes
                0x00000b0c       0x2d c:/labsoft/ee2024/lpcxpresso_6.1.4_194/lpcxpresso/tools/bin/../lib/gcc/arm-none-eabi/4.6.2/../../../../arm-none-eabi/lib/armv7-m\libc.a(lib_a-reent.o)
 .ARM.attributes
                0x00000b39       0x2d c:/labsoft/ee2024/lpcxpresso_6.1.4_194/lpcxpresso/tools/bin/../lib/gcc/arm-none-eabi/4.6.2/../../../../arm-none-eabi/lib/armv7-m\libc.a(lib_a-wbuf.o)
 .ARM.attributes
                0x00000b66       0x2d c:/labsoft/ee2024/lpcxpresso_6.1.4_194/lpcxpresso/tools/bin/../lib/gcc/arm-none-eabi/4.6.2/../../../../arm-none-eabi/lib/armv7-m\libc.a(lib_a-wcrtomb.o)
 .ARM.attributes
                0x00000b93       0x2d c:/labsoft/ee2024/lpcxpresso_6.1.4_194/lpcxpresso/tools/bin/../lib/gcc/arm-none-eabi/4.6.2/../../../../arm-none-eabi/lib/armv7-m\libc.a(lib_a-wctomb_r.o)
 .ARM.attributes
                0x00000bc0       0x31 c:/labsoft/ee2024/lpcxpresso_6.1.4_194/lpcxpresso/tools/bin/../lib/gcc/arm-none-eabi/4.6.2/../../../../arm-none-eabi/lib/armv7-m\libcr_newlib_semihost.a(_cr_sbrk.o)
 .ARM.attributes
                0x00000bf1       0x31 c:/labsoft/ee2024/lpcxpresso_6.1.4_194/lpcxpresso/tools/bin/../lib/gcc/arm-none-eabi/4.6.2/../../../../arm-none-eabi/lib/armv7-m\libcr_newlib_semihost.a(syscalls.o)
 .ARM.attributes
                0x00000c22       0x31 c:/labsoft/ee2024/lpcxpresso_6.1.4_194/lpcxpresso/tools/bin/../lib/gcc/arm-none-eabi/4.6.2/../../../../arm-none-eabi/lib/armv7-m\libcr_newlib_semihost.a(_cr_check_heap.o)
 .ARM.attributes
                0x00000c53       0x1d c:/labsoft/ee2024/lpcxpresso_6.1.4_194/lpcxpresso/tools/bin/../lib/gcc/arm-none-eabi/4.6.2/armv7-m\libgcc.a(_arm_cmpdf2.o)
 .ARM.attributes
                0x00000c70       0x1d c:/labsoft/ee2024/lpcxpresso_6.1.4_194/lpcxpresso/tools/bin/../lib/gcc/arm-none-eabi/4.6.2/armv7-m\libgcc.a(_arm_fixdfsi.o)
 .ARM.attributes
                0x00000c8d       0x2d c:/labsoft/ee2024/lpcxpresso_6.1.4_194/lpcxpresso/tools/bin/../lib/gcc/arm-none-eabi/4.6.2/../../../../arm-none-eabi/lib/armv7-m\libc.a(lib_a-errno.o)

.debug_frame    0x00000000     0x2c0c
 .debug_frame   0x00000000      0x120 ./src/cr_startup_lpc17.o
 .debug_frame   0x00000120      0x370 ./src/main.o
 .debug_frame   0x00000490       0x48 D:\MyWork\ASTQ2\Lib_CMSISv1p30_LPC17xx\Debug\libCMSISv1p30_LPC17xx.a(system_LPC17xx.o)
 .debug_frame   0x000004d8      0x12c D:\MyWork\ASTQ2\Lib_EaBaseBoard\Debug\libLib_EaBaseBoard.a(acc.o)
 .debug_frame   0x00000604       0x4c D:\MyWork\ASTQ2\Lib_EaBaseBoard\Debug\libLib_EaBaseBoard.a(led7seg.o)
 .debug_frame   0x00000650      0x208 D:\MyWork\ASTQ2\Lib_EaBaseBoard\Debug\libLib_EaBaseBoard.a(light.o)
 .debug_frame   0x00000858      0x1ec D:\MyWork\ASTQ2\Lib_EaBaseBoard\Debug\libLib_EaBaseBoard.a(oled.o)
 .debug_frame   0x00000a44      0x1a8 D:\MyWork\ASTQ2\Lib_EaBaseBoard\Debug\libLib_EaBaseBoard.a(pca9532.o)
 .debug_frame   0x00000bec       0x4c D:\MyWork\ASTQ2\Lib_EaBaseBoard\Debug\libLib_EaBaseBoard.a(rgb.o)
 .debug_frame   0x00000c38       0x50 D:\MyWork\ASTQ2\Lib_EaBaseBoard\Debug\libLib_EaBaseBoard.a(temp.o)
 .debug_frame   0x00000c88      0x2c4 D:\MyWork\ASTQ2\Lib_MCU\Debug\libLib_MCU.a(lpc17xx_gpio.o)
 .debug_frame   0x00000f4c      0x2c8 D:\MyWork\ASTQ2\Lib_MCU\Debug\libLib_MCU.a(lpc17xx_i2c.o)
 .debug_frame   0x00001214       0xbc D:\MyWork\ASTQ2\Lib_MCU\Debug\libLib_MCU.a(lpc17xx_pinsel.o)
 .debug_frame   0x000012d0      0x280 D:\MyWork\ASTQ2\Lib_MCU\Debug\libLib_MCU.a(lpc17xx_ssp.o)
 .debug_frame   0x00001550      0x44c D:\MyWork\ASTQ2\Lib_MCU\Debug\libLib_MCU.a(lpc17xx_uart.o)
 .debug_frame   0x0000199c      0x10c D:\MyWork\ASTQ2\Lib_MCU\Debug\libLib_MCU.a(lpc17xx_clkpwr.o)
 .debug_frame   0x00001aa8       0x50 c:/labsoft/ee2024/lpcxpresso_6.1.4_194/lpcxpresso/tools/bin/../lib/gcc/arm-none-eabi/4.6.2/armv7-m\libgcc.a(bpabi.o)
 .debug_frame   0x00001af8       0x34 c:/labsoft/ee2024/lpcxpresso_6.1.4_194/lpcxpresso/tools/bin/../lib/gcc/arm-none-eabi/4.6.2/armv7-m\libgcc.a(_divdi3.o)
 .debug_frame   0x00001b2c       0x34 c:/labsoft/ee2024/lpcxpresso_6.1.4_194/lpcxpresso/tools/bin/../lib/gcc/arm-none-eabi/4.6.2/armv7-m\libgcc.a(_udivdi3.o)
 .debug_frame   0x00001b60       0x2c c:/labsoft/ee2024/lpcxpresso_6.1.4_194/lpcxpresso/tools/bin/../lib/gcc/arm-none-eabi/4.6.2/../../../../arm-none-eabi/lib/armv7-m\libc.a(lib_a-memcpy.o)
 .debug_frame   0x00001b8c       0x2c c:/labsoft/ee2024/lpcxpresso_6.1.4_194/lpcxpresso/tools/bin/../lib/gcc/arm-none-eabi/4.6.2/../../../../arm-none-eabi/lib/armv7-m\libc.a(lib_a-memset.o)
 .debug_frame   0x00001bb8       0x5c c:/labsoft/ee2024/lpcxpresso_6.1.4_194/lpcxpresso/tools/bin/../lib/gcc/arm-none-eabi/4.6.2/../../../../arm-none-eabi/lib/armv7-m\libc.a(lib_a-printf.o)